C:\Users\mouno\Documents\MCUXpressoIDE_11.10.0_3148\workspace_os\LPC55S69_OS.src\CMSIS/core_cm33.h:2324:22:__NVIC_SetPriority	16	static
C:\Users\mouno\Documents\MCUXpressoIDE_11.10.0_3148\workspace_os\LPC55S69_OS.src\drivers/fsl_gpio.h:153:20:GPIO_PinWrite	24	static
../device/target.c:37:12:dev_init_test	16	static
../device/target.c:44:12:dev_open_test	16	static
../device/target.c:56:12:dev_close_test	16	static
../device/target.c:64:12:dev_read_test	40	static
../device/target.c:82:13:leds	16	static
../device/target.c:112:12:dev_init_leds	24	static
../device/target.c:129:12:dev_open_leds	16	static
../device/target.c:144:12:dev_close_leds	16	static
../device/target.c:152:12:dev_write_leds	24	static
../device/target.c:191:13:on_swuser_cb	16	static
../device/target.c:197:12:dev_init_btn	16	static
../device/target.c:219:12:dev_open_btn	16	static
../device/target.c:234:12:dev_close_btn	16	static
../device/target.c:242:12:dev_read_btn	24	static
../device/target.c:271:12:dev_init_ser	16	static
../device/target.c:279:12:dev_open_ser	16	static
../device/target.c:291:12:dev_close_ser	16	static
../device/target.c:299:12:dev_read_ser	32	static
../device/target.c:314:12:dev_write_ser	24	static
../device/target.c:342:6:dev_init	24	static
