08:24:28 **** Clean-only build of configuration Debug for project LPC55S69_OS.src ****
make -r -j20 clean 
rm -rf ./utilities/fsl_debug_console.o ./utilities/fsl_str.o  ./startup/boot_multicore_slave.o ./startup/startup_lpc55s69_cm33_core0.o ./startup/svc.o  ./source/main.o ./source/oslib.o ./source/semihost_hardfault.o  ./kernel/kernel.o ./kernel/list.o  ./drivers/fsl_clock.o ./drivers/fsl_common.o ./drivers/fsl_flexcomm.o ./drivers/fsl_gpio.o ./drivers/fsl_i2c.o ./drivers/fsl_inputmux.o ./drivers/fsl_pint.o ./drivers/fsl_reset.o ./drivers/fsl_usart.o  ./device/system_LPC55S69_cm33_core0.o ./device/target.o ./device/termio.o ./device/vfs.o  ./component/uart/fsl_adapter_usart.o  ./component/serial_manager/fsl_component_serial_manager.o ./component/serial_manager/fsl_component_serial_port_uart.o  ./component/lists/fsl_component_generic_list.o  ./board/board.o ./board/clock_config.o ./board/peripherals.o ./board/pin_mux.o  ./LPC55S69/drivers/fsl_power.o ./utilities/fsl_debug_console.d ./utilities/fsl_str.d  ./startup/boot_multicore_slave.d ./startup/startup_lpc55s69_cm33_core0.d  ./source/main.d ./source/oslib.d ./source/semihost_hardfault.d  ./kernel/kernel.d ./kernel/list.d  ./drivers/fsl_clock.d ./drivers/fsl_common.d ./drivers/fsl_flexcomm.d ./drivers/fsl_gpio.d ./drivers/fsl_i2c.d ./drivers/fsl_inputmux.d ./drivers/fsl_pint.d ./drivers/fsl_reset.d ./drivers/fsl_usart.d  ./device/system_LPC55S69_cm33_core0.d ./device/target.d ./device/termio.d ./device/vfs.d  ./component/uart/fsl_adapter_usart.d  ./component/serial_manager/fsl_component_serial_manager.d ./component/serial_manager/fsl_component_serial_port_uart.d  ./component/lists/fsl_component_generic_list.d  ./board/board.d ./board/clock_config.d ./board/peripherals.d ./board/pin_mux.d  ./LPC55S69/drivers/fsl_power.d  LPC55S69_OS.src.axf
 
08:24:29 **** Build of configuration Debug for project LPC55S69_OS.src ****
make -r -j20 all 
Building file: ../utilities/fsl_debug_console.c
Building file: ../utilities/fsl_str.c
Building file: ../startup/boot_multicore_slave.c
Invoking: MCU C Compiler
Invoking: MCU C Compiler
arm-none-eabi-gcc -DCPU_LPC55S69JBD100 -DCPU_LPC55S69JBD100_cm33 -DCPU_LPC55S69JBD100_cm33_core0 -DFSL_RTOS_BM -DSDK_OS_BAREMETAL -DSDK_DEBUGCONSOLE=0 -DCR_INTEGER_PRINTF -DPRINTF_FLOAT_ENABLE=0 -DSERIAL_PORT_TYPE_UART=1 -D__MCUXPRESSO -D__USE_CMSIS -DDEBUG -D__NEWLIB__ -I"C:\Users\mouno\Documents\MCUXpressoIDE_11.10.0_3148\workspace_os\LPC55S69_OS.src\drivers" -I"C:\Users\mouno\Documents\MCUXpressoIDE_11.10.0_3148\workspace_os\LPC55S69_OS.src\LPC55S69\drivers" -I"C:\Users\mouno\Documents\MCUXpressoIDE_11.10.0_3148\workspace_os\LPC55S69_OS.src\utilities" -I"C:\Users\mouno\Documents\MCUXpressoIDE_11.10.0_3148\workspace_os\LPC55S69_OS.src\component\uart" -I"C:\Users\mouno\Documents\MCUXpressoIDE_11.10.0_3148\workspace_os\LPC55S69_OS.src\component\serial_manager" -I"C:\Users\mouno\Documents\MCUXpressoIDE_11.10.0_3148\workspace_os\LPC55S69_OS.src\component\lists" -I"C:\Users\mouno\Documents\MCUXpressoIDE_11.10.0_3148\workspace_os\LPC55S69_OS.src\CMSIS" -I"C:\Users\mouno\Documents\MCUXpressoIDE_11.10.0_3148\workspace_os\LPC55S69_OS.src\device" -I"C:\Users\mouno\Documents\MCUXpressoIDE_11.10.0_3148\workspace_os\LPC55S69_OS.src\board" -I"C:\Users\mouno\Documents\MCUXpressoIDE_11.10.0_3148\workspace_os\LPC55S69_OS.src\source" -I"C:\Users\mouno\Documents\MCUXpressoIDE_11.10.0_3148\workspace_os\LPC55S69_OS.src\drivers" -I"C:\Users\mouno\Documents\MCUXpressoIDE_11.10.0_3148\workspace_os\LPC55S69_OS.src\LPC55S69\drivers" -I"C:\Users\mouno\Documents\MCUXpressoIDE_11.10.0_3148\workspace_os\LPC55S69_OS.src\utilities" -I"C:\Users\mouno\Documents\MCUXpressoIDE_11.10.0_3148\workspace_os\LPC55S69_OS.src\component\uart" -I"C:\Users\mouno\Documents\MCUXpressoIDE_11.10.0_3148\workspace_os\LPC55S69_OS.src\component\serial_manager" -I"C:\Users\mouno\Documents\MCUXpressoIDE_11.10.0_3148\workspace_os\LPC55S69_OS.src\component\lists" -I"C:\Users\mouno\Documents\MCUXpressoIDE_11.10.0_3148\workspace_os\LPC55S69_OS.src\startup" -I"C:\Users\mouno\Documents\MCUXpressoIDE_11.10.0_3148\workspace_os\LPC55S69_OS.src\CMSIS" -I"C:\Users\mouno\Documents\MCUXpressoIDE_11.10.0_3148\workspace_os\LPC55S69_OS.src\device" -O0 -fno-common -g3 -gdwarf-4 -Wall -c -ffunction-sections -fdata-sections -ffreestanding -fno-builtin -fmerge-constants -fmacro-prefix-map="../utilities/"= -mcpu=cortex-m33 -mfpu=fpv5-sp-d16 -mfloat-abi=hard -mthumb -D__NEWLIB__ -fstack-usage -specs=nano.specs -MMD -MP -MF"utilities/fsl_debug_console.d" -MT"utilities/fsl_debug_console.o" -MT"utilities/fsl_debug_console.d" -o "utilities/fsl_debug_console.o" "../utilities/fsl_debug_console.c"
Building file: ../startup/startup_lpc55s69_cm33_core0.c
arm-none-eabi-gcc -DCPU_LPC55S69JBD100 -DCPU_LPC55S69JBD100_cm33 -DCPU_LPC55S69JBD100_cm33_core0 -DFSL_RTOS_BM -DSDK_OS_BAREMETAL -DSDK_DEBUGCONSOLE=0 -DCR_INTEGER_PRINTF -DPRINTF_FLOAT_ENABLE=0 -DSERIAL_PORT_TYPE_UART=1 -D__MCUXPRESSO -D__USE_CMSIS -DDEBUG -D__NEWLIB__ -I"C:\Users\mouno\Documents\MCUXpressoIDE_11.10.0_3148\workspace_os\LPC55S69_OS.src\drivers" -I"C:\Users\mouno\Documents\MCUXpressoIDE_11.10.0_3148\workspace_os\LPC55S69_OS.src\LPC55S69\drivers" -I"C:\Users\mouno\Documents\MCUXpressoIDE_11.10.0_3148\workspace_os\LPC55S69_OS.src\utilities" -I"C:\Users\mouno\Documents\MCUXpressoIDE_11.10.0_3148\workspace_os\LPC55S69_OS.src\component\uart" -I"C:\Users\mouno\Documents\MCUXpressoIDE_11.10.0_3148\workspace_os\LPC55S69_OS.src\component\serial_manager" -I"C:\Users\mouno\Documents\MCUXpressoIDE_11.10.0_3148\workspace_os\LPC55S69_OS.src\component\lists" -I"C:\Users\mouno\Documents\MCUXpressoIDE_11.10.0_3148\workspace_os\LPC55S69_OS.src\CMSIS" -I"C:\Users\mouno\Documents\MCUXpressoIDE_11.10.0_3148\workspace_os\LPC55S69_OS.src\device" -I"C:\Users\mouno\Documents\MCUXpressoIDE_11.10.0_3148\workspace_os\LPC55S69_OS.src\board" -I"C:\Users\mouno\Documents\MCUXpressoIDE_11.10.0_3148\workspace_os\LPC55S69_OS.src\source" -I"C:\Users\mouno\Documents\MCUXpressoIDE_11.10.0_3148\workspace_os\LPC55S69_OS.src\drivers" -I"C:\Users\mouno\Documents\MCUXpressoIDE_11.10.0_3148\workspace_os\LPC55S69_OS.src\LPC55S69\drivers" -I"C:\Users\mouno\Documents\MCUXpressoIDE_11.10.0_3148\workspace_os\LPC55S69_OS.src\utilities" -I"C:\Users\mouno\Documents\MCUXpressoIDE_11.10.0_3148\workspace_os\LPC55S69_OS.src\component\uart" -I"C:\Users\mouno\Documents\MCUXpressoIDE_11.10.0_3148\workspace_os\LPC55S69_OS.src\component\serial_manager" -I"C:\Users\mouno\Documents\MCUXpressoIDE_11.10.0_3148\workspace_os\LPC55S69_OS.src\component\lists" -I"C:\Users\mouno\Documents\MCUXpressoIDE_11.10.0_3148\workspace_os\LPC55S69_OS.src\startup" -I"C:\Users\mouno\Documents\MCUXpressoIDE_11.10.0_3148\workspace_os\LPC55S69_OS.src\CMSIS" -I"C:\Users\mouno\Documents\MCUXpressoIDE_11.10.0_3148\workspace_os\LPC55S69_OS.src\device" -O0 -fno-common -g3 -gdwarf-4 -Wall -c -ffunction-sections -fdata-sections -ffreestanding -fno-builtin -fmerge-constants -fmacro-prefix-map="../utilities/"= -mcpu=cortex-m33 -mfpu=fpv5-sp-d16 -mfloat-abi=hard -mthumb -D__NEWLIB__ -fstack-usage -specs=nano.specs -MMD -MP -MF"utilities/fsl_str.d" -MT"utilities/fsl_str.o" -MT"utilities/fsl_str.d" -o "utilities/fsl_str.o" "../utilities/fsl_str.c"
Invoking: MCU C Compiler
arm-none-eabi-gcc -DCPU_LPC55S69JBD100 -DCPU_LPC55S69JBD100_cm33 -DCPU_LPC55S69JBD100_cm33_core0 -DFSL_RTOS_BM -DSDK_OS_BAREMETAL -DSDK_DEBUGCONSOLE=0 -DCR_INTEGER_PRINTF -DPRINTF_FLOAT_ENABLE=0 -DSERIAL_PORT_TYPE_UART=1 -D__MCUXPRESSO -D__USE_CMSIS -DDEBUG -D__NEWLIB__ -I"C:\Users\mouno\Documents\MCUXpressoIDE_11.10.0_3148\workspace_os\LPC55S69_OS.src\drivers" -I"C:\Users\mouno\Documents\MCUXpressoIDE_11.10.0_3148\workspace_os\LPC55S69_OS.src\LPC55S69\drivers" -I"C:\Users\mouno\Documents\MCUXpressoIDE_11.10.0_3148\workspace_os\LPC55S69_OS.src\utilities" -I"C:\Users\mouno\Documents\MCUXpressoIDE_11.10.0_3148\workspace_os\LPC55S69_OS.src\component\uart" -I"C:\Users\mouno\Documents\MCUXpressoIDE_11.10.0_3148\workspace_os\LPC55S69_OS.src\component\serial_manager" -I"C:\Users\mouno\Documents\MCUXpressoIDE_11.10.0_3148\workspace_os\LPC55S69_OS.src\component\lists" -I"C:\Users\mouno\Documents\MCUXpressoIDE_11.10.0_3148\workspace_os\LPC55S69_OS.src\CMSIS" -I"C:\Users\mouno\Documents\MCUXpressoIDE_11.10.0_3148\workspace_os\LPC55S69_OS.src\device" -I"C:\Users\mouno\Documents\MCUXpressoIDE_11.10.0_3148\workspace_os\LPC55S69_OS.src\board" -I"C:\Users\mouno\Documents\MCUXpressoIDE_11.10.0_3148\workspace_os\LPC55S69_OS.src\source" -I"C:\Users\mouno\Documents\MCUXpressoIDE_11.10.0_3148\workspace_os\LPC55S69_OS.src\drivers" -I"C:\Users\mouno\Documents\MCUXpressoIDE_11.10.0_3148\workspace_os\LPC55S69_OS.src\LPC55S69\drivers" -I"C:\Users\mouno\Documents\MCUXpressoIDE_11.10.0_3148\workspace_os\LPC55S69_OS.src\utilities" -I"C:\Users\mouno\Documents\MCUXpressoIDE_11.10.0_3148\workspace_os\LPC55S69_OS.src\component\uart" -I"C:\Users\mouno\Documents\MCUXpressoIDE_11.10.0_3148\workspace_os\LPC55S69_OS.src\component\serial_manager" -I"C:\Users\mouno\Documents\MCUXpressoIDE_11.10.0_3148\workspace_os\LPC55S69_OS.src\component\lists" -I"C:\Users\mouno\Documents\MCUXpressoIDE_11.10.0_3148\workspace_os\LPC55S69_OS.src\startup" -I"C:\Users\mouno\Documents\MCUXpressoIDE_11.10.0_3148\workspace_os\LPC55S69_OS.src\CMSIS" -I"C:\Users\mouno\Documents\MCUXpressoIDE_11.10.0_3148\workspace_os\LPC55S69_OS.src\device" -O0 -fno-common -g3 -gdwarf-4 -Wall -c -ffunction-sections -fdata-sections -ffreestanding -fno-builtin -fmerge-constants -fmacro-prefix-map="../startup/"= -mcpu=cortex-m33 -mfpu=fpv5-sp-d16 -mfloat-abi=hard -mthumb -D__NEWLIB__ -fstack-usage -specs=nano.specs -MMD -MP -MF"startup/boot_multicore_slave.d" -MT"startup/boot_multicore_slave.o" -MT"startup/boot_multicore_slave.d" -o "startup/boot_multicore_slave.o" "../startup/boot_multicore_slave.c"
Invoking: MCU C Compiler
arm-none-eabi-gcc -DCPU_LPC55S69JBD100 -DCPU_LPC55S69JBD100_cm33 -DCPU_LPC55S69JBD100_cm33_core0 -DFSL_RTOS_BM -DSDK_OS_BAREMETAL -DSDK_DEBUGCONSOLE=0 -DCR_INTEGER_PRINTF -DPRINTF_FLOAT_ENABLE=0 -DSERIAL_PORT_TYPE_UART=1 -D__MCUXPRESSO -D__USE_CMSIS -DDEBUG -D__NEWLIB__ -I"C:\Users\mouno\Documents\MCUXpressoIDE_11.10.0_3148\workspace_os\LPC55S69_OS.src\drivers" -I"C:\Users\mouno\Documents\MCUXpressoIDE_11.10.0_3148\workspace_os\LPC55S69_OS.src\LPC55S69\drivers" -I"C:\Users\mouno\Documents\MCUXpressoIDE_11.10.0_3148\workspace_os\LPC55S69_OS.src\utilities" -I"C:\Users\mouno\Documents\MCUXpressoIDE_11.10.0_3148\workspace_os\LPC55S69_OS.src\component\uart" -I"C:\Users\mouno\Documents\MCUXpressoIDE_11.10.0_3148\workspace_os\LPC55S69_OS.src\component\serial_manager" -I"C:\Users\mouno\Documents\MCUXpressoIDE_11.10.0_3148\workspace_os\LPC55S69_OS.src\component\lists" -I"C:\Users\mouno\Documents\MCUXpressoIDE_11.10.0_3148\workspace_os\LPC55S69_OS.src\CMSIS" -I"C:\Users\mouno\Documents\MCUXpressoIDE_11.10.0_3148\workspace_os\LPC55S69_OS.src\device" -I"C:\Users\mouno\Documents\MCUXpressoIDE_11.10.0_3148\workspace_os\LPC55S69_OS.src\board" -I"C:\Users\mouno\Documents\MCUXpressoIDE_11.10.0_3148\workspace_os\LPC55S69_OS.src\source" -I"C:\Users\mouno\Documents\MCUXpressoIDE_11.10.0_3148\workspace_os\LPC55S69_OS.src\drivers" -I"C:\Users\mouno\Documents\MCUXpressoIDE_11.10.0_3148\workspace_os\LPC55S69_OS.src\LPC55S69\drivers" -I"C:\Users\mouno\Documents\MCUXpressoIDE_11.10.0_3148\workspace_os\LPC55S69_OS.src\utilities" -I"C:\Users\mouno\Documents\MCUXpressoIDE_11.10.0_3148\workspace_os\LPC55S69_OS.src\component\uart" -I"C:\Users\mouno\Documents\MCUXpressoIDE_11.10.0_3148\workspace_os\LPC55S69_OS.src\component\serial_manager" -I"C:\Users\mouno\Documents\MCUXpressoIDE_11.10.0_3148\workspace_os\LPC55S69_OS.src\component\lists" -I"C:\Users\mouno\Documents\MCUXpressoIDE_11.10.0_3148\workspace_os\LPC55S69_OS.src\startup" -I"C:\Users\mouno\Documents\MCUXpressoIDE_11.10.0_3148\workspace_os\LPC55S69_OS.src\CMSIS" -I"C:\Users\mouno\Documents\MCUXpressoIDE_11.10.0_3148\workspace_os\LPC55S69_OS.src\device" -O0 -fno-common -g3 -gdwarf-4 -Wall -c -ffunction-sections -fdata-sections -ffreestanding -fno-builtin -fmerge-constants -fmacro-prefix-map="../startup/"= -mcpu=cortex-m33 -mfpu=fpv5-sp-d16 -mfloat-abi=hard -mthumb -D__NEWLIB__ -fstack-usage -specs=nano.specs -MMD -MP -MF"startup/startup_lpc55s69_cm33_core0.d" -MT"startup/startup_lpc55s69_cm33_core0.o" -MT"startup/startup_lpc55s69_cm33_core0.d" -o "startup/startup_lpc55s69_cm33_core0.o" "../startup/startup_lpc55s69_cm33_core0.c"
Building file: ../startup/svc.s
Building file: ../source/main.c
Invoking: MCU Assembler
Building file: ../source/oslib.c
Invoking: MCU C Compiler
arm-none-eabi-gcc -c -x assembler-with-cpp -Wa,-mimplicit-it=always -D__NEWLIB__ -I"C:\Users\mouno\Documents\MCUXpressoIDE_11.10.0_3148\workspace_os\LPC55S69_OS.src\board" -I"C:\Users\mouno\Documents\MCUXpressoIDE_11.10.0_3148\workspace_os\LPC55S69_OS.src\source" -g3 -gdwarf-4 -mcpu=cortex-m33 -mfpu=fpv5-sp-d16 -mfloat-abi=hard -mthumb -D__NEWLIB__ -specs=nano.specs -o "startup/svc.o" "../startup/svc.s"
Building file: ../source/semihost_hardfault.c
arm-none-eabi-gcc -DCPU_LPC55S69JBD100 -DCPU_LPC55S69JBD100_cm33 -DCPU_LPC55S69JBD100_cm33_core0 -DFSL_RTOS_BM -DSDK_OS_BAREMETAL -DSDK_DEBUGCONSOLE=0 -DCR_INTEGER_PRINTF -DPRINTF_FLOAT_ENABLE=0 -DSERIAL_PORT_TYPE_UART=1 -D__MCUXPRESSO -D__USE_CMSIS -DDEBUG -D__NEWLIB__ -I"C:\Users\mouno\Documents\MCUXpressoIDE_11.10.0_3148\workspace_os\LPC55S69_OS.src\drivers" -I"C:\Users\mouno\Documents\MCUXpressoIDE_11.10.0_3148\workspace_os\LPC55S69_OS.src\LPC55S69\drivers" -I"C:\Users\mouno\Documents\MCUXpressoIDE_11.10.0_3148\workspace_os\LPC55S69_OS.src\utilities" -I"C:\Users\mouno\Documents\MCUXpressoIDE_11.10.0_3148\workspace_os\LPC55S69_OS.src\component\uart" -I"C:\Users\mouno\Documents\MCUXpressoIDE_11.10.0_3148\workspace_os\LPC55S69_OS.src\component\serial_manager" -I"C:\Users\mouno\Documents\MCUXpressoIDE_11.10.0_3148\workspace_os\LPC55S69_OS.src\component\lists" -I"C:\Users\mouno\Documents\MCUXpressoIDE_11.10.0_3148\workspace_os\LPC55S69_OS.src\CMSIS" -I"C:\Users\mouno\Documents\MCUXpressoIDE_11.10.0_3148\workspace_os\LPC55S69_OS.src\device" -I"C:\Users\mouno\Documents\MCUXpressoIDE_11.10.0_3148\workspace_os\LPC55S69_OS.src\board" -I"C:\Users\mouno\Documents\MCUXpressoIDE_11.10.0_3148\workspace_os\LPC55S69_OS.src\source" -I"C:\Users\mouno\Documents\MCUXpressoIDE_11.10.0_3148\workspace_os\LPC55S69_OS.src\drivers" -I"C:\Users\mouno\Documents\MCUXpressoIDE_11.10.0_3148\workspace_os\LPC55S69_OS.src\LPC55S69\drivers" -I"C:\Users\mouno\Documents\MCUXpressoIDE_11.10.0_3148\workspace_os\LPC55S69_OS.src\utilities" -I"C:\Users\mouno\Documents\MCUXpressoIDE_11.10.0_3148\workspace_os\LPC55S69_OS.src\component\uart" -I"C:\Users\mouno\Documents\MCUXpressoIDE_11.10.0_3148\workspace_os\LPC55S69_OS.src\component\serial_manager" -I"C:\Users\mouno\Documents\MCUXpressoIDE_11.10.0_3148\workspace_os\LPC55S69_OS.src\component\lists" -I"C:\Users\mouno\Documents\MCUXpressoIDE_11.10.0_3148\workspace_os\LPC55S69_OS.src\startup" -I"C:\Users\mouno\Documents\MCUXpressoIDE_11.10.0_3148\workspace_os\LPC55S69_OS.src\CMSIS" -I"C:\Users\mouno\Documents\MCUXpressoIDE_11.10.0_3148\workspace_os\LPC55S69_OS.src\device" -O0 -fno-common -g3 -gdwarf-4 -Wall -c -ffunction-sections -fdata-sections -ffreestanding -fno-builtin -fmerge-constants -fmacro-prefix-map="../source/"= -mcpu=cortex-m33 -mfpu=fpv5-sp-d16 -mfloat-abi=hard -mthumb -D__NEWLIB__ -fstack-usage -specs=nano.specs -MMD -MP -MF"source/main.d" -MT"source/main.o" -MT"source/main.d" -o "source/main.o" "../source/main.c"
Invoking: MCU C Compiler
arm-none-eabi-gcc -DCPU_LPC55S69JBD100 -DCPU_LPC55S69JBD100_cm33 -DCPU_LPC55S69JBD100_cm33_core0 -DFSL_RTOS_BM -DSDK_OS_BAREMETAL -DSDK_DEBUGCONSOLE=0 -DCR_INTEGER_PRINTF -DPRINTF_FLOAT_ENABLE=0 -DSERIAL_PORT_TYPE_UART=1 -D__MCUXPRESSO -D__USE_CMSIS -DDEBUG -D__NEWLIB__ -I"C:\Users\mouno\Documents\MCUXpressoIDE_11.10.0_3148\workspace_os\LPC55S69_OS.src\drivers" -I"C:\Users\mouno\Documents\MCUXpressoIDE_11.10.0_3148\workspace_os\LPC55S69_OS.src\LPC55S69\drivers" -I"C:\Users\mouno\Documents\MCUXpressoIDE_11.10.0_3148\workspace_os\LPC55S69_OS.src\utilities" -I"C:\Users\mouno\Documents\MCUXpressoIDE_11.10.0_3148\workspace_os\LPC55S69_OS.src\component\uart" -I"C:\Users\mouno\Documents\MCUXpressoIDE_11.10.0_3148\workspace_os\LPC55S69_OS.src\component\serial_manager" -I"C:\Users\mouno\Documents\MCUXpressoIDE_11.10.0_3148\workspace_os\LPC55S69_OS.src\component\lists" -I"C:\Users\mouno\Documents\MCUXpressoIDE_11.10.0_3148\workspace_os\LPC55S69_OS.src\CMSIS" -I"C:\Users\mouno\Documents\MCUXpressoIDE_11.10.0_3148\workspace_os\LPC55S69_OS.src\device" -I"C:\Users\mouno\Documents\MCUXpressoIDE_11.10.0_3148\workspace_os\LPC55S69_OS.src\board" -I"C:\Users\mouno\Documents\MCUXpressoIDE_11.10.0_3148\workspace_os\LPC55S69_OS.src\source" -I"C:\Users\mouno\Documents\MCUXpressoIDE_11.10.0_3148\workspace_os\LPC55S69_OS.src\drivers" -I"C:\Users\mouno\Documents\MCUXpressoIDE_11.10.0_3148\workspace_os\LPC55S69_OS.src\LPC55S69\drivers" -I"C:\Users\mouno\Documents\MCUXpressoIDE_11.10.0_3148\workspace_os\LPC55S69_OS.src\utilities" -I"C:\Users\mouno\Documents\MCUXpressoIDE_11.10.0_3148\workspace_os\LPC55S69_OS.src\component\uart" -I"C:\Users\mouno\Documents\MCUXpressoIDE_11.10.0_3148\workspace_os\LPC55S69_OS.src\component\serial_manager" -I"C:\Users\mouno\Documents\MCUXpressoIDE_11.10.0_3148\workspace_os\LPC55S69_OS.src\component\lists" -I"C:\Users\mouno\Documents\MCUXpressoIDE_11.10.0_3148\workspace_os\LPC55S69_OS.src\startup" -I"C:\Users\mouno\Documents\MCUXpressoIDE_11.10.0_3148\workspace_os\LPC55S69_OS.src\CMSIS" -I"C:\Users\mouno\Documents\MCUXpressoIDE_11.10.0_3148\workspace_os\LPC55S69_OS.src\device" -O0 -fno-common -g3 -gdwarf-4 -Wall -c -ffunction-sections -fdata-sections -ffreestanding -fno-builtin -fmerge-constants -fmacro-prefix-map="../source/"= -mcpu=cortex-m33 -mfpu=fpv5-sp-d16 -mfloat-abi=hard -mthumb -D__NEWLIB__ -fstack-usage -specs=nano.specs -MMD -MP -MF"source/oslib.d" -MT"source/oslib.o" -MT"source/oslib.d" -o "source/oslib.o" "../source/oslib.c"
Invoking: MCU C Compiler
Building file: ../kernel/kernel.c
arm-none-eabi-gcc -DCPU_LPC55S69JBD100 -DCPU_LPC55S69JBD100_cm33 -DCPU_LPC55S69JBD100_cm33_core0 -DFSL_RTOS_BM -DSDK_OS_BAREMETAL -DSDK_DEBUGCONSOLE=0 -DCR_INTEGER_PRINTF -DPRINTF_FLOAT_ENABLE=0 -DSERIAL_PORT_TYPE_UART=1 -D__MCUXPRESSO -D__USE_CMSIS -DDEBUG -D__NEWLIB__ -I"C:\Users\mouno\Documents\MCUXpressoIDE_11.10.0_3148\workspace_os\LPC55S69_OS.src\drivers" -I"C:\Users\mouno\Documents\MCUXpressoIDE_11.10.0_3148\workspace_os\LPC55S69_OS.src\LPC55S69\drivers" -I"C:\Users\mouno\Documents\MCUXpressoIDE_11.10.0_3148\workspace_os\LPC55S69_OS.src\utilities" -I"C:\Users\mouno\Documents\MCUXpressoIDE_11.10.0_3148\workspace_os\LPC55S69_OS.src\component\uart" -I"C:\Users\mouno\Documents\MCUXpressoIDE_11.10.0_3148\workspace_os\LPC55S69_OS.src\component\serial_manager" -I"C:\Users\mouno\Documents\MCUXpressoIDE_11.10.0_3148\workspace_os\LPC55S69_OS.src\component\lists" -I"C:\Users\mouno\Documents\MCUXpressoIDE_11.10.0_3148\workspace_os\LPC55S69_OS.src\CMSIS" -I"C:\Users\mouno\Documents\MCUXpressoIDE_11.10.0_3148\workspace_os\LPC55S69_OS.src\device" -I"C:\Users\mouno\Documents\MCUXpressoIDE_11.10.0_3148\workspace_os\LPC55S69_OS.src\board" -I"C:\Users\mouno\Documents\MCUXpressoIDE_11.10.0_3148\workspace_os\LPC55S69_OS.src\source" -I"C:\Users\mouno\Documents\MCUXpressoIDE_11.10.0_3148\workspace_os\LPC55S69_OS.src\drivers" -I"C:\Users\mouno\Documents\MCUXpressoIDE_11.10.0_3148\workspace_os\LPC55S69_OS.src\LPC55S69\drivers" -I"C:\Users\mouno\Documents\MCUXpressoIDE_11.10.0_3148\workspace_os\LPC55S69_OS.src\utilities" -I"C:\Users\mouno\Documents\MCUXpressoIDE_11.10.0_3148\workspace_os\LPC55S69_OS.src\component\uart" -I"C:\Users\mouno\Documents\MCUXpressoIDE_11.10.0_3148\workspace_os\LPC55S69_OS.src\component\serial_manager" -I"C:\Users\mouno\Documents\MCUXpressoIDE_11.10.0_3148\workspace_os\LPC55S69_OS.src\component\lists" -I"C:\Users\mouno\Documents\MCUXpressoIDE_11.10.0_3148\workspace_os\LPC55S69_OS.src\startup" -I"C:\Users\mouno\Documents\MCUXpressoIDE_11.10.0_3148\workspace_os\LPC55S69_OS.src\CMSIS" -I"C:\Users\mouno\Documents\MCUXpressoIDE_11.10.0_3148\workspace_os\LPC55S69_OS.src\device" -O0 -fno-common -g3 -gdwarf-4 -Wall -c -ffunction-sections -fdata-sections -ffreestanding -fno-builtin -fmerge-constants -fmacro-prefix-map="../source/"= -mcpu=cortex-m33 -mfpu=fpv5-sp-d16 -mfloat-abi=hard -mthumb -D__NEWLIB__ -fstack-usage -specs=nano.specs -MMD -MP -MF"source/semihost_hardfault.d" -MT"source/semihost_hardfault.o" -MT"source/semihost_hardfault.d" -o "source/semihost_hardfault.o" "../source/semihost_hardfault.c"
Building file: ../kernel/list.c
Invoking: MCU C Compiler
Invoking: MCU C Compiler
Building file: ../drivers/fsl_clock.c
arm-none-eabi-gcc -DCPU_LPC55S69JBD100 -DCPU_LPC55S69JBD100_cm33 -DCPU_LPC55S69JBD100_cm33_core0 -DFSL_RTOS_BM -DSDK_OS_BAREMETAL -DSDK_DEBUGCONSOLE=0 -DCR_INTEGER_PRINTF -DPRINTF_FLOAT_ENABLE=0 -DSERIAL_PORT_TYPE_UART=1 -D__MCUXPRESSO -D__USE_CMSIS -DDEBUG -D__NEWLIB__ -I"C:\Users\mouno\Documents\MCUXpressoIDE_11.10.0_3148\workspace_os\LPC55S69_OS.src\drivers" -I"C:\Users\mouno\Documents\MCUXpressoIDE_11.10.0_3148\workspace_os\LPC55S69_OS.src\LPC55S69\drivers" -I"C:\Users\mouno\Documents\MCUXpressoIDE_11.10.0_3148\workspace_os\LPC55S69_OS.src\utilities" -I"C:\Users\mouno\Documents\MCUXpressoIDE_11.10.0_3148\workspace_os\LPC55S69_OS.src\component\uart" -I"C:\Users\mouno\Documents\MCUXpressoIDE_11.10.0_3148\workspace_os\LPC55S69_OS.src\component\serial_manager" -I"C:\Users\mouno\Documents\MCUXpressoIDE_11.10.0_3148\workspace_os\LPC55S69_OS.src\component\lists" -I"C:\Users\mouno\Documents\MCUXpressoIDE_11.10.0_3148\workspace_os\LPC55S69_OS.src\CMSIS" -I"C:\Users\mouno\Documents\MCUXpressoIDE_11.10.0_3148\workspace_os\LPC55S69_OS.src\device" -I"C:\Users\mouno\Documents\MCUXpressoIDE_11.10.0_3148\workspace_os\LPC55S69_OS.src\board" -I"C:\Users\mouno\Documents\MCUXpressoIDE_11.10.0_3148\workspace_os\LPC55S69_OS.src\source" -I"C:\Users\mouno\Documents\MCUXpressoIDE_11.10.0_3148\workspace_os\LPC55S69_OS.src\drivers" -I"C:\Users\mouno\Documents\MCUXpressoIDE_11.10.0_3148\workspace_os\LPC55S69_OS.src\LPC55S69\drivers" -I"C:\Users\mouno\Documents\MCUXpressoIDE_11.10.0_3148\workspace_os\LPC55S69_OS.src\utilities" -I"C:\Users\mouno\Documents\MCUXpressoIDE_11.10.0_3148\workspace_os\LPC55S69_OS.src\component\uart" -I"C:\Users\mouno\Documents\MCUXpressoIDE_11.10.0_3148\workspace_os\LPC55S69_OS.src\component\serial_manager" -I"C:\Users\mouno\Documents\MCUXpressoIDE_11.10.0_3148\workspace_os\LPC55S69_OS.src\component\lists" -I"C:\Users\mouno\Documents\MCUXpressoIDE_11.10.0_3148\workspace_os\LPC55S69_OS.src\startup" -I"C:\Users\mouno\Documents\MCUXpressoIDE_11.10.0_3148\workspace_os\LPC55S69_OS.src\CMSIS" -I"C:\Users\mouno\Documents\MCUXpressoIDE_11.10.0_3148\workspace_os\LPC55S69_OS.src\device" -O0 -fno-common -g3 -gdwarf-4 -Wall -c -ffunction-sections -fdata-sections -ffreestanding -fno-builtin -fmerge-constants -fmacro-prefix-map="../kernel/"= -mcpu=cortex-m33 -mfpu=fpv5-sp-d16 -mfloat-abi=hard -mthumb -D__NEWLIB__ -fstack-usage -specs=nano.specs -MMD -MP -MF"kernel/kernel.d" -MT"kernel/kernel.o" -MT"kernel/kernel.d" -o "kernel/kernel.o" "../kernel/kernel.c"
arm-none-eabi-gcc -DCPU_LPC55S69JBD100 -DCPU_LPC55S69JBD100_cm33 -DCPU_LPC55S69JBD100_cm33_core0 -DFSL_RTOS_BM -DSDK_OS_BAREMETAL -DSDK_DEBUGCONSOLE=0 -DCR_INTEGER_PRINTF -DPRINTF_FLOAT_ENABLE=0 -DSERIAL_PORT_TYPE_UART=1 -D__MCUXPRESSO -D__USE_CMSIS -DDEBUG -D__NEWLIB__ -I"C:\Users\mouno\Documents\MCUXpressoIDE_11.10.0_3148\workspace_os\LPC55S69_OS.src\drivers" -I"C:\Users\mouno\Documents\MCUXpressoIDE_11.10.0_3148\workspace_os\LPC55S69_OS.src\LPC55S69\drivers" -I"C:\Users\mouno\Documents\MCUXpressoIDE_11.10.0_3148\workspace_os\LPC55S69_OS.src\utilities" -I"C:\Users\mouno\Documents\MCUXpressoIDE_11.10.0_3148\workspace_os\LPC55S69_OS.src\component\uart" -I"C:\Users\mouno\Documents\MCUXpressoIDE_11.10.0_3148\workspace_os\LPC55S69_OS.src\component\serial_manager" -I"C:\Users\mouno\Documents\MCUXpressoIDE_11.10.0_3148\workspace_os\LPC55S69_OS.src\component\lists" -I"C:\Users\mouno\Documents\MCUXpressoIDE_11.10.0_3148\workspace_os\LPC55S69_OS.src\CMSIS" -I"C:\Users\mouno\Documents\MCUXpressoIDE_11.10.0_3148\workspace_os\LPC55S69_OS.src\device" -I"C:\Users\mouno\Documents\MCUXpressoIDE_11.10.0_3148\workspace_os\LPC55S69_OS.src\board" -I"C:\Users\mouno\Documents\MCUXpressoIDE_11.10.0_3148\workspace_os\LPC55S69_OS.src\source" -I"C:\Users\mouno\Documents\MCUXpressoIDE_11.10.0_3148\workspace_os\LPC55S69_OS.src\drivers" -I"C:\Users\mouno\Documents\MCUXpressoIDE_11.10.0_3148\workspace_os\LPC55S69_OS.src\LPC55S69\drivers" -I"C:\Users\mouno\Documents\MCUXpressoIDE_11.10.0_3148\workspace_os\LPC55S69_OS.src\utilities" -I"C:\Users\mouno\Documents\MCUXpressoIDE_11.10.0_3148\workspace_os\LPC55S69_OS.src\component\uart" -I"C:\Users\mouno\Documents\MCUXpressoIDE_11.10.0_3148\workspace_os\LPC55S69_OS.src\component\serial_manager" -I"C:\Users\mouno\Documents\MCUXpressoIDE_11.10.0_3148\workspace_os\LPC55S69_OS.src\component\lists" -I"C:\Users\mouno\Documents\MCUXpressoIDE_11.10.0_3148\workspace_os\LPC55S69_OS.src\startup" -I"C:\Users\mouno\Documents\MCUXpressoIDE_11.10.0_3148\workspace_os\LPC55S69_OS.src\CMSIS" -I"C:\Users\mouno\Documents\MCUXpressoIDE_11.10.0_3148\workspace_os\LPC55S69_OS.src\device" -O0 -fno-common -g3 -gdwarf-4 -Wall -c -ffunction-sections -fdata-sections -ffreestanding -fno-builtin -fmerge-constants -fmacro-prefix-map="../kernel/"= -mcpu=cortex-m33 -mfpu=fpv5-sp-d16 -mfloat-abi=hard -mthumb -D__NEWLIB__ -fstack-usage -specs=nano.specs -MMD -MP -MF"kernel/list.d" -MT"kernel/list.o" -MT"kernel/list.d" -o "kernel/list.o" "../kernel/list.c"
Building file: ../drivers/fsl_common.c
Invoking: MCU C Compiler
arm-none-eabi-gcc -DCPU_LPC55S69JBD100 -DCPU_LPC55S69JBD100_cm33 -DCPU_LPC55S69JBD100_cm33_core0 -DFSL_RTOS_BM -DSDK_OS_BAREMETAL -DSDK_DEBUGCONSOLE=0 -DCR_INTEGER_PRINTF -DPRINTF_FLOAT_ENABLE=0 -DSERIAL_PORT_TYPE_UART=1 -D__MCUXPRESSO -D__USE_CMSIS -DDEBUG -D__NEWLIB__ -I"C:\Users\mouno\Documents\MCUXpressoIDE_11.10.0_3148\workspace_os\LPC55S69_OS.src\drivers" -I"C:\Users\mouno\Documents\MCUXpressoIDE_11.10.0_3148\workspace_os\LPC55S69_OS.src\LPC55S69\drivers" -I"C:\Users\mouno\Documents\MCUXpressoIDE_11.10.0_3148\workspace_os\LPC55S69_OS.src\utilities" -I"C:\Users\mouno\Documents\MCUXpressoIDE_11.10.0_3148\workspace_os\LPC55S69_OS.src\component\uart" -I"C:\Users\mouno\Documents\MCUXpressoIDE_11.10.0_3148\workspace_os\LPC55S69_OS.src\component\serial_manager" -I"C:\Users\mouno\Documents\MCUXpressoIDE_11.10.0_3148\workspace_os\LPC55S69_OS.src\component\lists" -I"C:\Users\mouno\Documents\MCUXpressoIDE_11.10.0_3148\workspace_os\LPC55S69_OS.src\CMSIS" -I"C:\Users\mouno\Documents\MCUXpressoIDE_11.10.0_3148\workspace_os\LPC55S69_OS.src\device" -I"C:\Users\mouno\Documents\MCUXpressoIDE_11.10.0_3148\workspace_os\LPC55S69_OS.src\board" -I"C:\Users\mouno\Documents\MCUXpressoIDE_11.10.0_3148\workspace_os\LPC55S69_OS.src\source" -I"C:\Users\mouno\Documents\MCUXpressoIDE_11.10.0_3148\workspace_os\LPC55S69_OS.src\drivers" -I"C:\Users\mouno\Documents\MCUXpressoIDE_11.10.0_3148\workspace_os\LPC55S69_OS.src\LPC55S69\drivers" -I"C:\Users\mouno\Documents\MCUXpressoIDE_11.10.0_3148\workspace_os\LPC55S69_OS.src\utilities" -I"C:\Users\mouno\Documents\MCUXpressoIDE_11.10.0_3148\workspace_os\LPC55S69_OS.src\component\uart" -I"C:\Users\mouno\Documents\MCUXpressoIDE_11.10.0_3148\workspace_os\LPC55S69_OS.src\component\serial_manager" -I"C:\Users\mouno\Documents\MCUXpressoIDE_11.10.0_3148\workspace_os\LPC55S69_OS.src\component\lists" -I"C:\Users\mouno\Documents\MCUXpressoIDE_11.10.0_3148\workspace_os\LPC55S69_OS.src\startup" -I"C:\Users\mouno\Documents\MCUXpressoIDE_11.10.0_3148\workspace_os\LPC55S69_OS.src\CMSIS" -I"C:\Users\mouno\Documents\MCUXpressoIDE_11.10.0_3148\workspace_os\LPC55S69_OS.src\device" -O0 -fno-common -g3 -gdwarf-4 -Wall -c -ffunction-sections -fdata-sections -ffreestanding -fno-builtin -fmerge-constants -fmacro-prefix-map="../drivers/"= -mcpu=cortex-m33 -mfpu=fpv5-sp-d16 -mfloat-abi=hard -mthumb -D__NEWLIB__ -fstack-usage -specs=nano.specs -MMD -MP -MF"drivers/fsl_clock.d" -MT"drivers/fsl_clock.o" -MT"drivers/fsl_clock.d" -o "drivers/fsl_clock.o" "../drivers/fsl_clock.c"
Building file: ../drivers/fsl_flexcomm.c
Invoking: MCU C Compiler
Building file: ../drivers/fsl_gpio.c
arm-none-eabi-gcc -DCPU_LPC55S69JBD100 -DCPU_LPC55S69JBD100_cm33 -DCPU_LPC55S69JBD100_cm33_core0 -DFSL_RTOS_BM -DSDK_OS_BAREMETAL -DSDK_DEBUGCONSOLE=0 -DCR_INTEGER_PRINTF -DPRINTF_FLOAT_ENABLE=0 -DSERIAL_PORT_TYPE_UART=1 -D__MCUXPRESSO -D__USE_CMSIS -DDEBUG -D__NEWLIB__ -I"C:\Users\mouno\Documents\MCUXpressoIDE_11.10.0_3148\workspace_os\LPC55S69_OS.src\drivers" -I"C:\Users\mouno\Documents\MCUXpressoIDE_11.10.0_3148\workspace_os\LPC55S69_OS.src\LPC55S69\drivers" -I"C:\Users\mouno\Documents\MCUXpressoIDE_11.10.0_3148\workspace_os\LPC55S69_OS.src\utilities" -I"C:\Users\mouno\Documents\MCUXpressoIDE_11.10.0_3148\workspace_os\LPC55S69_OS.src\component\uart" -I"C:\Users\mouno\Documents\MCUXpressoIDE_11.10.0_3148\workspace_os\LPC55S69_OS.src\component\serial_manager" -I"C:\Users\mouno\Documents\MCUXpressoIDE_11.10.0_3148\workspace_os\LPC55S69_OS.src\component\lists" -I"C:\Users\mouno\Documents\MCUXpressoIDE_11.10.0_3148\workspace_os\LPC55S69_OS.src\CMSIS" -I"C:\Users\mouno\Documents\MCUXpressoIDE_11.10.0_3148\workspace_os\LPC55S69_OS.src\device" -I"C:\Users\mouno\Documents\MCUXpressoIDE_11.10.0_3148\workspace_os\LPC55S69_OS.src\board" -I"C:\Users\mouno\Documents\MCUXpressoIDE_11.10.0_3148\workspace_os\LPC55S69_OS.src\source" -I"C:\Users\mouno\Documents\MCUXpressoIDE_11.10.0_3148\workspace_os\LPC55S69_OS.src\drivers" -I"C:\Users\mouno\Documents\MCUXpressoIDE_11.10.0_3148\workspace_os\LPC55S69_OS.src\LPC55S69\drivers" -I"C:\Users\mouno\Documents\MCUXpressoIDE_11.10.0_3148\workspace_os\LPC55S69_OS.src\utilities" -I"C:\Users\mouno\Documents\MCUXpressoIDE_11.10.0_3148\workspace_os\LPC55S69_OS.src\component\uart" -I"C:\Users\mouno\Documents\MCUXpressoIDE_11.10.0_3148\workspace_os\LPC55S69_OS.src\component\serial_manager" -I"C:\Users\mouno\Documents\MCUXpressoIDE_11.10.0_3148\workspace_os\LPC55S69_OS.src\component\lists" -I"C:\Users\mouno\Documents\MCUXpressoIDE_11.10.0_3148\workspace_os\LPC55S69_OS.src\startup" -I"C:\Users\mouno\Documents\MCUXpressoIDE_11.10.0_3148\workspace_os\LPC55S69_OS.src\CMSIS" -I"C:\Users\mouno\Documents\MCUXpressoIDE_11.10.0_3148\workspace_os\LPC55S69_OS.src\device" -O0 -fno-common -g3 -gdwarf-4 -Wall -c -ffunction-sections -fdata-sections -ffreestanding -fno-builtin -fmerge-constants -fmacro-prefix-map="../drivers/"= -mcpu=cortex-m33 -mfpu=fpv5-sp-d16 -mfloat-abi=hard -mthumb -D__NEWLIB__ -fstack-usage -specs=nano.specs -MMD -MP -MF"drivers/fsl_common.d" -MT"drivers/fsl_common.o" -MT"drivers/fsl_common.d" -o "drivers/fsl_common.o" "../drivers/fsl_common.c"
Building file: ../drivers/fsl_i2c.c
Invoking: MCU C Compiler
Building file: ../drivers/fsl_inputmux.c
Building file: ../drivers/fsl_pint.c
Invoking: MCU C Compiler
Invoking: MCU C Compiler
arm-none-eabi-gcc -DCPU_LPC55S69JBD100 -DCPU_LPC55S69JBD100_cm33 -DCPU_LPC55S69JBD100_cm33_core0 -DFSL_RTOS_BM -DSDK_OS_BAREMETAL -DSDK_DEBUGCONSOLE=0 -DCR_INTEGER_PRINTF -DPRINTF_FLOAT_ENABLE=0 -DSERIAL_PORT_TYPE_UART=1 -D__MCUXPRESSO -D__USE_CMSIS -DDEBUG -D__NEWLIB__ -I"C:\Users\mouno\Documents\MCUXpressoIDE_11.10.0_3148\workspace_os\LPC55S69_OS.src\drivers" -I"C:\Users\mouno\Documents\MCUXpressoIDE_11.10.0_3148\workspace_os\LPC55S69_OS.src\LPC55S69\drivers" -I"C:\Users\mouno\Documents\MCUXpressoIDE_11.10.0_3148\workspace_os\LPC55S69_OS.src\utilities" -I"C:\Users\mouno\Documents\MCUXpressoIDE_11.10.0_3148\workspace_os\LPC55S69_OS.src\component\uart" -I"C:\Users\mouno\Documents\MCUXpressoIDE_11.10.0_3148\workspace_os\LPC55S69_OS.src\component\serial_manager" -I"C:\Users\mouno\Documents\MCUXpressoIDE_11.10.0_3148\workspace_os\LPC55S69_OS.src\component\lists" -I"C:\Users\mouno\Documents\MCUXpressoIDE_11.10.0_3148\workspace_os\LPC55S69_OS.src\CMSIS" -I"C:\Users\mouno\Documents\MCUXpressoIDE_11.10.0_3148\workspace_os\LPC55S69_OS.src\device" -I"C:\Users\mouno\Documents\MCUXpressoIDE_11.10.0_3148\workspace_os\LPC55S69_OS.src\board" -I"C:\Users\mouno\Documents\MCUXpressoIDE_11.10.0_3148\workspace_os\LPC55S69_OS.src\source" -I"C:\Users\mouno\Documents\MCUXpressoIDE_11.10.0_3148\workspace_os\LPC55S69_OS.src\drivers" -I"C:\Users\mouno\Documents\MCUXpressoIDE_11.10.0_3148\workspace_os\LPC55S69_OS.src\LPC55S69\drivers" -I"C:\Users\mouno\Documents\MCUXpressoIDE_11.10.0_3148\workspace_os\LPC55S69_OS.src\utilities" -I"C:\Users\mouno\Documents\MCUXpressoIDE_11.10.0_3148\workspace_os\LPC55S69_OS.src\component\uart" -I"C:\Users\mouno\Documents\MCUXpressoIDE_11.10.0_3148\workspace_os\LPC55S69_OS.src\component\serial_manager" -I"C:\Users\mouno\Documents\MCUXpressoIDE_11.10.0_3148\workspace_os\LPC55S69_OS.src\component\lists" -I"C:\Users\mouno\Documents\MCUXpressoIDE_11.10.0_3148\workspace_os\LPC55S69_OS.src\startup" -I"C:\Users\mouno\Documents\MCUXpressoIDE_11.10.0_3148\workspace_os\LPC55S69_OS.src\CMSIS" -I"C:\Users\mouno\Documents\MCUXpressoIDE_11.10.0_3148\workspace_os\LPC55S69_OS.src\device" -O0 -fno-common -g3 -gdwarf-4 -Wall -c -ffunction-sections -fdata-sections -ffreestanding -fno-builtin -fmerge-constants -fmacro-prefix-map="../drivers/"= -mcpu=cortex-m33 -mfpu=fpv5-sp-d16 -mfloat-abi=hard -mthumb -D__NEWLIB__ -fstack-usage -specs=nano.specs -MMD -MP -MF"drivers/fsl_flexcomm.d" -MT"drivers/fsl_flexcomm.o" -MT"drivers/fsl_flexcomm.d" -o "drivers/fsl_flexcomm.o" "../drivers/fsl_flexcomm.c"
arm-none-eabi-gcc -DCPU_LPC55S69JBD100 -DCPU_LPC55S69JBD100_cm33 -DCPU_LPC55S69JBD100_cm33_core0 -DFSL_RTOS_BM -DSDK_OS_BAREMETAL -DSDK_DEBUGCONSOLE=0 -DCR_INTEGER_PRINTF -DPRINTF_FLOAT_ENABLE=0 -DSERIAL_PORT_TYPE_UART=1 -D__MCUXPRESSO -D__USE_CMSIS -DDEBUG -D__NEWLIB__ -I"C:\Users\mouno\Documents\MCUXpressoIDE_11.10.0_3148\workspace_os\LPC55S69_OS.src\drivers" -I"C:\Users\mouno\Documents\MCUXpressoIDE_11.10.0_3148\workspace_os\LPC55S69_OS.src\LPC55S69\drivers" -I"C:\Users\mouno\Documents\MCUXpressoIDE_11.10.0_3148\workspace_os\LPC55S69_OS.src\utilities" -I"C:\Users\mouno\Documents\MCUXpressoIDE_11.10.0_3148\workspace_os\LPC55S69_OS.src\component\uart" -I"C:\Users\mouno\Documents\MCUXpressoIDE_11.10.0_3148\workspace_os\LPC55S69_OS.src\component\serial_manager" -I"C:\Users\mouno\Documents\MCUXpressoIDE_11.10.0_3148\workspace_os\LPC55S69_OS.src\component\lists" -I"C:\Users\mouno\Documents\MCUXpressoIDE_11.10.0_3148\workspace_os\LPC55S69_OS.src\CMSIS" -I"C:\Users\mouno\Documents\MCUXpressoIDE_11.10.0_3148\workspace_os\LPC55S69_OS.src\device" -I"C:\Users\mouno\Documents\MCUXpressoIDE_11.10.0_3148\workspace_os\LPC55S69_OS.src\board" -I"C:\Users\mouno\Documents\MCUXpressoIDE_11.10.0_3148\workspace_os\LPC55S69_OS.src\source" -I"C:\Users\mouno\Documents\MCUXpressoIDE_11.10.0_3148\workspace_os\LPC55S69_OS.src\drivers" -I"C:\Users\mouno\Documents\MCUXpressoIDE_11.10.0_3148\workspace_os\LPC55S69_OS.src\LPC55S69\drivers" -I"C:\Users\mouno\Documents\MCUXpressoIDE_11.10.0_3148\workspace_os\LPC55S69_OS.src\utilities" -I"C:\Users\mouno\Documents\MCUXpressoIDE_11.10.0_3148\workspace_os\LPC55S69_OS.src\component\uart" -I"C:\Users\mouno\Documents\MCUXpressoIDE_11.10.0_3148\workspace_os\LPC55S69_OS.src\component\serial_manager" -I"C:\Users\mouno\Documents\MCUXpressoIDE_11.10.0_3148\workspace_os\LPC55S69_OS.src\component\lists" -I"C:\Users\mouno\Documents\MCUXpressoIDE_11.10.0_3148\workspace_os\LPC55S69_OS.src\startup" -I"C:\Users\mouno\Documents\MCUXpressoIDE_11.10.0_3148\workspace_os\LPC55S69_OS.src\CMSIS" -I"C:\Users\mouno\Documents\MCUXpressoIDE_11.10.0_3148\workspace_os\LPC55S69_OS.src\device" -O0 -fno-common -g3 -gdwarf-4 -Wall -c -ffunction-sections -fdata-sections -ffreestanding -fno-builtin -fmerge-constants -fmacro-prefix-map="../drivers/"= -mcpu=cortex-m33 -mfpu=fpv5-sp-d16 -mfloat-abi=hard -mthumb -D__NEWLIB__ -fstack-usage -specs=nano.specs -MMD -MP -MF"drivers/fsl_gpio.d" -MT"drivers/fsl_gpio.o" -MT"drivers/fsl_gpio.d" -o "drivers/fsl_gpio.o" "../drivers/fsl_gpio.c"
Building file: ../drivers/fsl_reset.c
Invoking: MCU C Compiler
../source/oslib.c:3:10: fatal error: board/board.h: No such file or directory
    3 | #include "board/board.h"
      |          ^~~~~~~~~~~~~~~
compilation terminated.
arm-none-eabi-gcc -DCPU_LPC55S69JBD100 -DCPU_LPC55S69JBD100_cm33 -DCPU_LPC55S69JBD100_cm33_core0 -DFSL_RTOS_BM -DSDK_OS_BAREMETAL -DSDK_DEBUGCONSOLE=0 -DCR_INTEGER_PRINTF -DPRINTF_FLOAT_ENABLE=0 -DSERIAL_PORT_TYPE_UART=1 -D__MCUXPRESSO -D__USE_CMSIS -DDEBUG -D__NEWLIB__ -I"C:\Users\mouno\Documents\MCUXpressoIDE_11.10.0_3148\workspace_os\LPC55S69_OS.src\drivers" -I"C:\Users\mouno\Documents\MCUXpressoIDE_11.10.0_3148\workspace_os\LPC55S69_OS.src\LPC55S69\drivers" -I"C:\Users\mouno\Documents\MCUXpressoIDE_11.10.0_3148\workspace_os\LPC55S69_OS.src\utilities" -I"C:\Users\mouno\Documents\MCUXpressoIDE_11.10.0_3148\workspace_os\LPC55S69_OS.src\component\uart" -I"C:\Users\mouno\Documents\MCUXpressoIDE_11.10.0_3148\workspace_os\LPC55S69_OS.src\component\serial_manager" -I"C:\Users\mouno\Documents\MCUXpressoIDE_11.10.0_3148\workspace_os\LPC55S69_OS.src\component\lists" -I"C:\Users\mouno\Documents\MCUXpressoIDE_11.10.0_3148\workspace_os\LPC55S69_OS.src\CMSIS" -I"C:\Users\mouno\Documents\MCUXpressoIDE_11.10.0_3148\workspace_os\LPC55S69_OS.src\device" -I"C:\Users\mouno\Documents\MCUXpressoIDE_11.10.0_3148\workspace_os\LPC55S69_OS.src\board" -I"C:\Users\mouno\Documents\MCUXpressoIDE_11.10.0_3148\workspace_os\LPC55S69_OS.src\source" -I"C:\Users\mouno\Documents\MCUXpressoIDE_11.10.0_3148\workspace_os\LPC55S69_OS.src\drivers" -I"C:\Users\mouno\Documents\MCUXpressoIDE_11.10.0_3148\workspace_os\LPC55S69_OS.src\LPC55S69\drivers" -I"C:\Users\mouno\Documents\MCUXpressoIDE_11.10.0_3148\workspace_os\LPC55S69_OS.src\utilities" -I"C:\Users\mouno\Documents\MCUXpressoIDE_11.10.0_3148\workspace_os\LPC55S69_OS.src\component\uart" -I"C:\Users\mouno\Documents\MCUXpressoIDE_11.10.0_3148\workspace_os\LPC55S69_OS.src\component\serial_manager" -I"C:\Users\mouno\Documents\MCUXpressoIDE_11.10.0_3148\workspace_os\LPC55S69_OS.src\component\lists" -I"C:\Users\mouno\Documents\MCUXpressoIDE_11.10.0_3148\workspace_os\LPC55S69_OS.src\startup" -I"C:\Users\mouno\Documents\MCUXpressoIDE_11.10.0_3148\workspace_os\LPC55S69_OS.src\CMSIS" -I"C:\Users\mouno\Documents\MCUXpressoIDE_11.10.0_3148\workspace_os\LPC55S69_OS.src\device" -O0 -fno-common -g3 -gdwarf-4 -Wall -c -ffunction-sections -fdata-sections -ffreestanding -fno-builtin -fmerge-constants -fmacro-prefix-map="../drivers/"= -mcpu=cortex-m33 -mfpu=fpv5-sp-d16 -mfloat-abi=hard -mthumb -D__NEWLIB__ -fstack-usage -specs=nano.specs -MMD -MP -MF"drivers/fsl_i2c.d" -MT"drivers/fsl_i2c.o" -MT"drivers/fsl_i2c.d" -o "drivers/fsl_i2c.o" "../drivers/fsl_i2c.c"
Invoking: MCU C Compiler
arm-none-eabi-gcc -DCPU_LPC55S69JBD100 -DCPU_LPC55S69JBD100_cm33 -DCPU_LPC55S69JBD100_cm33_core0 -DFSL_RTOS_BM -DSDK_OS_BAREMETAL -DSDK_DEBUGCONSOLE=0 -DCR_INTEGER_PRINTF -DPRINTF_FLOAT_ENABLE=0 -DSERIAL_PORT_TYPE_UART=1 -D__MCUXPRESSO -D__USE_CMSIS -DDEBUG -D__NEWLIB__ -I"C:\Users\mouno\Documents\MCUXpressoIDE_11.10.0_3148\workspace_os\LPC55S69_OS.src\drivers" -I"C:\Users\mouno\Documents\MCUXpressoIDE_11.10.0_3148\workspace_os\LPC55S69_OS.src\LPC55S69\drivers" -I"C:\Users\mouno\Documents\MCUXpressoIDE_11.10.0_3148\workspace_os\LPC55S69_OS.src\utilities" -I"C:\Users\mouno\Documents\MCUXpressoIDE_11.10.0_3148\workspace_os\LPC55S69_OS.src\component\uart" -I"C:\Users\mouno\Documents\MCUXpressoIDE_11.10.0_3148\workspace_os\LPC55S69_OS.src\component\serial_manager" -I"C:\Users\mouno\Documents\MCUXpressoIDE_11.10.0_3148\workspace_os\LPC55S69_OS.src\component\lists" -I"C:\Users\mouno\Documents\MCUXpressoIDE_11.10.0_3148\workspace_os\LPC55S69_OS.src\CMSIS" -I"C:\Users\mouno\Documents\MCUXpressoIDE_11.10.0_3148\workspace_os\LPC55S69_OS.src\device" -I"C:\Users\mouno\Documents\MCUXpressoIDE_11.10.0_3148\workspace_os\LPC55S69_OS.src\board" -I"C:\Users\mouno\Documents\MCUXpressoIDE_11.10.0_3148\workspace_os\LPC55S69_OS.src\source" -I"C:\Users\mouno\Documents\MCUXpressoIDE_11.10.0_3148\workspace_os\LPC55S69_OS.src\drivers" -I"C:\Users\mouno\Documents\MCUXpressoIDE_11.10.0_3148\workspace_os\LPC55S69_OS.src\LPC55S69\drivers" -I"C:\Users\mouno\Documents\MCUXpressoIDE_11.10.0_3148\workspace_os\LPC55S69_OS.src\utilities" -I"C:\Users\mouno\Documents\MCUXpressoIDE_11.10.0_3148\workspace_os\LPC55S69_OS.src\component\uart" -I"C:\Users\mouno\Documents\MCUXpressoIDE_11.10.0_3148\workspace_os\LPC55S69_OS.src\component\serial_manager" -I"C:\Users\mouno\Documents\MCUXpressoIDE_11.10.0_3148\workspace_os\LPC55S69_OS.src\component\lists" -I"C:\Users\mouno\Documents\MCUXpressoIDE_11.10.0_3148\workspace_os\LPC55S69_OS.src\startup" -I"C:\Users\mouno\Documents\MCUXpressoIDE_11.10.0_3148\workspace_os\LPC55S69_OS.src\CMSIS" -I"C:\Users\mouno\Documents\MCUXpressoIDE_11.10.0_3148\workspace_os\LPC55S69_OS.src\device" -O0 -fno-common -g3 -gdwarf-4 -Wall -c -ffunction-sections -fdata-sections -ffreestanding -fno-builtin -fmerge-constants -fmacro-prefix-map="../drivers/"= -mcpu=cortex-m33 -mfpu=fpv5-sp-d16 -mfloat-abi=hard -mthumb -D__NEWLIB__ -fstack-usage -specs=nano.specs -MMD -MP -MF"drivers/fsl_inputmux.d" -MT"drivers/fsl_inputmux.o" -MT"drivers/fsl_inputmux.d" -o "drivers/fsl_inputmux.o" "../drivers/fsl_inputmux.c"
Invoking: MCU C Compiler
../kernel/kernel.c: In function 'sys_task_new':
../kernel/kernel.c:135:18: warning: unused variable 'size' [-Wunused-variable]
  135 |         uint32_t size = stacksize>96 ? 8*(((stacksize-1)/8)+1) : 96;
      |                  ^~~~
../kernel/kernel.c: At top level:
../kernel/kernel.c:14:17: warning: 'id' defined but not used [-Wunused-variable]
   14 | static uint32_t id=1;
      |                 ^~
make[1]: *** [source/subdir.mk:26: source/oslib.o] Error 1
arm-none-eabi-gcc -DCPU_LPC55S69JBD100 -DCPU_LPC55S69JBD100_cm33 -DCPU_LPC55S69JBD100_cm33_core0 -DFSL_RTOS_BM -DSDK_OS_BAREMETAL -DSDK_DEBUGCONSOLE=0 -DCR_INTEGER_PRINTF -DPRINTF_FLOAT_ENABLE=0 -DSERIAL_PORT_TYPE_UART=1 -D__MCUXPRESSO -D__USE_CMSIS -DDEBUG -D__NEWLIB__ -I"C:\Users\mouno\Documents\MCUXpressoIDE_11.10.0_3148\workspace_os\LPC55S69_OS.src\drivers" -I"C:\Users\mouno\Documents\MCUXpressoIDE_11.10.0_3148\workspace_os\LPC55S69_OS.src\LPC55S69\drivers" -I"C:\Users\mouno\Documents\MCUXpressoIDE_11.10.0_3148\workspace_os\LPC55S69_OS.src\utilities" -I"C:\Users\mouno\Documents\MCUXpressoIDE_11.10.0_3148\workspace_os\LPC55S69_OS.src\component\uart" -I"C:\Users\mouno\Documents\MCUXpressoIDE_11.10.0_3148\workspace_os\LPC55S69_OS.src\component\serial_manager" -I"C:\Users\mouno\Documents\MCUXpressoIDE_11.10.0_3148\workspace_os\LPC55S69_OS.src\component\lists" -I"C:\Users\mouno\Documents\MCUXpressoIDE_11.10.0_3148\workspace_os\LPC55S69_OS.src\CMSIS" -I"C:\Users\mouno\Documents\MCUXpressoIDE_11.10.0_3148\workspace_os\LPC55S69_OS.src\device" -I"C:\Users\mouno\Documents\MCUXpressoIDE_11.10.0_3148\workspace_os\LPC55S69_OS.src\board" -I"C:\Users\mouno\Documents\MCUXpressoIDE_11.10.0_3148\workspace_os\LPC55S69_OS.src\source" -I"C:\Users\mouno\Documents\MCUXpressoIDE_11.10.0_3148\workspace_os\LPC55S69_OS.src\drivers" -I"C:\Users\mouno\Documents\MCUXpressoIDE_11.10.0_3148\workspace_os\LPC55S69_OS.src\LPC55S69\drivers" -I"C:\Users\mouno\Documents\MCUXpressoIDE_11.10.0_3148\workspace_os\LPC55S69_OS.src\utilities" -I"C:\Users\mouno\Documents\MCUXpressoIDE_11.10.0_3148\workspace_os\LPC55S69_OS.src\component\uart" -I"C:\Users\mouno\Documents\MCUXpressoIDE_11.10.0_3148\workspace_os\LPC55S69_OS.src\component\serial_manager" -I"C:\Users\mouno\Documents\MCUXpressoIDE_11.10.0_3148\workspace_os\LPC55S69_OS.src\component\lists" -I"C:\Users\mouno\Documents\MCUXpressoIDE_11.10.0_3148\workspace_os\LPC55S69_OS.src\startup" -I"C:\Users\mouno\Documents\MCUXpressoIDE_11.10.0_3148\workspace_os\LPC55S69_OS.src\CMSIS" -I"C:\Users\mouno\Documents\MCUXpressoIDE_11.10.0_3148\workspace_os\LPC55S69_OS.src\device" -O0 -fno-common -g3 -gdwarf-4 -Wall -c -ffunction-sections -fdata-sections -ffreestanding -fno-builtin -fmerge-constants -fmacro-prefix-map="../drivers/"= -mcpu=cortex-m33 -mfpu=fpv5-sp-d16 -mfloat-abi=hard -mthumb -D__NEWLIB__ -fstack-usage -specs=nano.specs -MMD -MP -MF"drivers/fsl_pint.d" -MT"drivers/fsl_pint.o" -MT"drivers/fsl_pint.d" -o "drivers/fsl_pint.o" "../drivers/fsl_pint.c"
make[1]: *** Waiting for unfinished jobs....
arm-none-eabi-gcc -DCPU_LPC55S69JBD100 -DCPU_LPC55S69JBD100_cm33 -DCPU_LPC55S69JBD100_cm33_core0 -DFSL_RTOS_BM -DSDK_OS_BAREMETAL -DSDK_DEBUGCONSOLE=0 -DCR_INTEGER_PRINTF -DPRINTF_FLOAT_ENABLE=0 -DSERIAL_PORT_TYPE_UART=1 -D__MCUXPRESSO -D__USE_CMSIS -DDEBUG -D__NEWLIB__ -I"C:\Users\mouno\Documents\MCUXpressoIDE_11.10.0_3148\workspace_os\LPC55S69_OS.src\drivers" -I"C:\Users\mouno\Documents\MCUXpressoIDE_11.10.0_3148\workspace_os\LPC55S69_OS.src\LPC55S69\drivers" -I"C:\Users\mouno\Documents\MCUXpressoIDE_11.10.0_3148\workspace_os\LPC55S69_OS.src\utilities" -I"C:\Users\mouno\Documents\MCUXpressoIDE_11.10.0_3148\workspace_os\LPC55S69_OS.src\component\uart" -I"C:\Users\mouno\Documents\MCUXpressoIDE_11.10.0_3148\workspace_os\LPC55S69_OS.src\component\serial_manager" -I"C:\Users\mouno\Documents\MCUXpressoIDE_11.10.0_3148\workspace_os\LPC55S69_OS.src\component\lists" -I"C:\Users\mouno\Documents\MCUXpressoIDE_11.10.0_3148\workspace_os\LPC55S69_OS.src\CMSIS" -I"C:\Users\mouno\Documents\MCUXpressoIDE_11.10.0_3148\workspace_os\LPC55S69_OS.src\device" -I"C:\Users\mouno\Documents\MCUXpressoIDE_11.10.0_3148\workspace_os\LPC55S69_OS.src\board" -I"C:\Users\mouno\Documents\MCUXpressoIDE_11.10.0_3148\workspace_os\LPC55S69_OS.src\source" -I"C:\Users\mouno\Documents\MCUXpressoIDE_11.10.0_3148\workspace_os\LPC55S69_OS.src\drivers" -I"C:\Users\mouno\Documents\MCUXpressoIDE_11.10.0_3148\workspace_os\LPC55S69_OS.src\LPC55S69\drivers" -I"C:\Users\mouno\Documents\MCUXpressoIDE_11.10.0_3148\workspace_os\LPC55S69_OS.src\utilities" -I"C:\Users\mouno\Documents\MCUXpressoIDE_11.10.0_3148\workspace_os\LPC55S69_OS.src\component\uart" -I"C:\Users\mouno\Documents\MCUXpressoIDE_11.10.0_3148\workspace_os\LPC55S69_OS.src\component\serial_manager" -I"C:\Users\mouno\Documents\MCUXpressoIDE_11.10.0_3148\workspace_os\LPC55S69_OS.src\component\lists" -I"C:\Users\mouno\Documents\MCUXpressoIDE_11.10.0_3148\workspace_os\LPC55S69_OS.src\startup" -I"C:\Users\mouno\Documents\MCUXpressoIDE_11.10.0_3148\workspace_os\LPC55S69_OS.src\CMSIS" -I"C:\Users\mouno\Documents\MCUXpressoIDE_11.10.0_3148\workspace_os\LPC55S69_OS.src\device" -O0 -fno-common -g3 -gdwarf-4 -Wall -c -ffunction-sections -fdata-sections -ffreestanding -fno-builtin -fmerge-constants -fmacro-prefix-map="../drivers/"= -mcpu=cortex-m33 -mfpu=fpv5-sp-d16 -mfloat-abi=hard -mthumb -D__NEWLIB__ -fstack-usage -specs=nano.specs -MMD -MP -MF"drivers/fsl_reset.d" -MT"drivers/fsl_reset.o" -MT"drivers/fsl_reset.d" -o "drivers/fsl_reset.o" "../drivers/fsl_reset.c"
Finished building: ../startup/svc.s
Finished building: ../startup/boot_multicore_slave.c
 
 
Finished building: ../source/semihost_hardfault.c
 
Finished building: ../source/main.c
Finished building: ../utilities/fsl_debug_console.c
 
 
Finished building: ../utilities/fsl_str.c
 
Finished building: ../startup/startup_lpc55s69_cm33_core0.c
 
Finished building: ../kernel/list.c
Finished building: ../kernel/kernel.c
Finished building: ../drivers/fsl_gpio.c
 
Finished building: ../drivers/fsl_common.c
 
 
 
Finished building: ../drivers/fsl_flexcomm.c
 
Finished building: ../drivers/fsl_inputmux.c
Finished building: ../drivers/fsl_clock.c
Finished building: ../drivers/fsl_reset.c
 
 
 
Finished building: ../drivers/fsl_pint.c
 
Finished building: ../drivers/fsl_i2c.c
 
make: *** [makefile:45: all] Error 2
"make -r -j20 all" terminated with exit code 2. Build might be incomplete.
08:24:56 **** Incremental Build of configuration Debug for project LPC55S69_OS.src ****
make -r -j20 all 
Building file: ../source/oslib.c
Building file: ../drivers/fsl_usart.c
Building file: ../device/system_LPC55S69_cm33_core0.c
Invoking: MCU C Compiler
Invoking: MCU C Compiler
arm-none-eabi-gcc -DCPU_LPC55S69JBD100 -DCPU_LPC55S69JBD100_cm33 -DCPU_LPC55S69JBD100_cm33_core0 -DFSL_RTOS_BM -DSDK_OS_BAREMETAL -DSDK_DEBUGCONSOLE=0 -DCR_INTEGER_PRINTF -DPRINTF_FLOAT_ENABLE=0 -DSERIAL_PORT_TYPE_UART=1 -D__MCUXPRESSO -D__USE_CMSIS -DDEBUG -D__NEWLIB__ -I"C:\Users\mouno\Documents\MCUXpressoIDE_11.10.0_3148\workspace_os\LPC55S69_OS.src\drivers" -I"C:\Users\mouno\Documents\MCUXpressoIDE_11.10.0_3148\workspace_os\LPC55S69_OS.src\LPC55S69\drivers" -I"C:\Users\mouno\Documents\MCUXpressoIDE_11.10.0_3148\workspace_os\LPC55S69_OS.src\utilities" -I"C:\Users\mouno\Documents\MCUXpressoIDE_11.10.0_3148\workspace_os\LPC55S69_OS.src\component\uart" -I"C:\Users\mouno\Documents\MCUXpressoIDE_11.10.0_3148\workspace_os\LPC55S69_OS.src\component\serial_manager" -I"C:\Users\mouno\Documents\MCUXpressoIDE_11.10.0_3148\workspace_os\LPC55S69_OS.src\component\lists" -I"C:\Users\mouno\Documents\MCUXpressoIDE_11.10.0_3148\workspace_os\LPC55S69_OS.src\CMSIS" -I"C:\Users\mouno\Documents\MCUXpressoIDE_11.10.0_3148\workspace_os\LPC55S69_OS.src\device" -I"C:\Users\mouno\Documents\MCUXpressoIDE_11.10.0_3148\workspace_os\LPC55S69_OS.src\board" -I"C:\Users\mouno\Documents\MCUXpressoIDE_11.10.0_3148\workspace_os\LPC55S69_OS.src\source" -I"C:\Users\mouno\Documents\MCUXpressoIDE_11.10.0_3148\workspace_os\LPC55S69_OS.src\drivers" -I"C:\Users\mouno\Documents\MCUXpressoIDE_11.10.0_3148\workspace_os\LPC55S69_OS.src\LPC55S69\drivers" -I"C:\Users\mouno\Documents\MCUXpressoIDE_11.10.0_3148\workspace_os\LPC55S69_OS.src\utilities" -I"C:\Users\mouno\Documents\MCUXpressoIDE_11.10.0_3148\workspace_os\LPC55S69_OS.src\component\uart" -I"C:\Users\mouno\Documents\MCUXpressoIDE_11.10.0_3148\workspace_os\LPC55S69_OS.src\component\serial_manager" -I"C:\Users\mouno\Documents\MCUXpressoIDE_11.10.0_3148\workspace_os\LPC55S69_OS.src\component\lists" -I"C:\Users\mouno\Documents\MCUXpressoIDE_11.10.0_3148\workspace_os\LPC55S69_OS.src\startup" -I"C:\Users\mouno\Documents\MCUXpressoIDE_11.10.0_3148\workspace_os\LPC55S69_OS.src\CMSIS" -I"C:\Users\mouno\Documents\MCUXpressoIDE_11.10.0_3148\workspace_os\LPC55S69_OS.src\device" -O0 -fno-common -g3 -gdwarf-4 -Wall -c -ffunction-sections -fdata-sections -ffreestanding -fno-builtin -fmerge-constants -fmacro-prefix-map="../source/"= -mcpu=cortex-m33 -mfpu=fpv5-sp-d16 -mfloat-abi=hard -mthumb -D__NEWLIB__ -fstack-usage -specs=nano.specs -MMD -MP -MF"source/oslib.d" -MT"source/oslib.o" -MT"source/oslib.d" -o "source/oslib.o" "../source/oslib.c"
Building file: ../device/target.c
arm-none-eabi-gcc -DCPU_LPC55S69JBD100 -DCPU_LPC55S69JBD100_cm33 -DCPU_LPC55S69JBD100_cm33_core0 -DFSL_RTOS_BM -DSDK_OS_BAREMETAL -DSDK_DEBUGCONSOLE=0 -DCR_INTEGER_PRINTF -DPRINTF_FLOAT_ENABLE=0 -DSERIAL_PORT_TYPE_UART=1 -D__MCUXPRESSO -D__USE_CMSIS -DDEBUG -D__NEWLIB__ -I"C:\Users\mouno\Documents\MCUXpressoIDE_11.10.0_3148\workspace_os\LPC55S69_OS.src\drivers" -I"C:\Users\mouno\Documents\MCUXpressoIDE_11.10.0_3148\workspace_os\LPC55S69_OS.src\LPC55S69\drivers" -I"C:\Users\mouno\Documents\MCUXpressoIDE_11.10.0_3148\workspace_os\LPC55S69_OS.src\utilities" -I"C:\Users\mouno\Documents\MCUXpressoIDE_11.10.0_3148\workspace_os\LPC55S69_OS.src\component\uart" -I"C:\Users\mouno\Documents\MCUXpressoIDE_11.10.0_3148\workspace_os\LPC55S69_OS.src\component\serial_manager" -I"C:\Users\mouno\Documents\MCUXpressoIDE_11.10.0_3148\workspace_os\LPC55S69_OS.src\component\lists" -I"C:\Users\mouno\Documents\MCUXpressoIDE_11.10.0_3148\workspace_os\LPC55S69_OS.src\CMSIS" -I"C:\Users\mouno\Documents\MCUXpressoIDE_11.10.0_3148\workspace_os\LPC55S69_OS.src\device" -I"C:\Users\mouno\Documents\MCUXpressoIDE_11.10.0_3148\workspace_os\LPC55S69_OS.src\board" -I"C:\Users\mouno\Documents\MCUXpressoIDE_11.10.0_3148\workspace_os\LPC55S69_OS.src\source" -I"C:\Users\mouno\Documents\MCUXpressoIDE_11.10.0_3148\workspace_os\LPC55S69_OS.src\drivers" -I"C:\Users\mouno\Documents\MCUXpressoIDE_11.10.0_3148\workspace_os\LPC55S69_OS.src\LPC55S69\drivers" -I"C:\Users\mouno\Documents\MCUXpressoIDE_11.10.0_3148\workspace_os\LPC55S69_OS.src\utilities" -I"C:\Users\mouno\Documents\MCUXpressoIDE_11.10.0_3148\workspace_os\LPC55S69_OS.src\component\uart" -I"C:\Users\mouno\Documents\MCUXpressoIDE_11.10.0_3148\workspace_os\LPC55S69_OS.src\component\serial_manager" -I"C:\Users\mouno\Documents\MCUXpressoIDE_11.10.0_3148\workspace_os\LPC55S69_OS.src\component\lists" -I"C:\Users\mouno\Documents\MCUXpressoIDE_11.10.0_3148\workspace_os\LPC55S69_OS.src\startup" -I"C:\Users\mouno\Documents\MCUXpressoIDE_11.10.0_3148\workspace_os\LPC55S69_OS.src\CMSIS" -I"C:\Users\mouno\Documents\MCUXpressoIDE_11.10.0_3148\workspace_os\LPC55S69_OS.src\device" -O0 -fno-common -g3 -gdwarf-4 -Wall -c -ffunction-sections -fdata-sections -ffreestanding -fno-builtin -fmerge-constants -fmacro-prefix-map="../drivers/"= -mcpu=cortex-m33 -mfpu=fpv5-sp-d16 -mfloat-abi=hard -mthumb -D__NEWLIB__ -fstack-usage -specs=nano.specs -MMD -MP -MF"drivers/fsl_usart.d" -MT"drivers/fsl_usart.o" -MT"drivers/fsl_usart.d" -o "drivers/fsl_usart.o" "../drivers/fsl_usart.c"
Invoking: MCU C Compiler
arm-none-eabi-gcc -DCPU_LPC55S69JBD100 -DCPU_LPC55S69JBD100_cm33 -DCPU_LPC55S69JBD100_cm33_core0 -DFSL_RTOS_BM -DSDK_OS_BAREMETAL -DSDK_DEBUGCONSOLE=0 -DCR_INTEGER_PRINTF -DPRINTF_FLOAT_ENABLE=0 -DSERIAL_PORT_TYPE_UART=1 -D__MCUXPRESSO -D__USE_CMSIS -DDEBUG -D__NEWLIB__ -I"C:\Users\mouno\Documents\MCUXpressoIDE_11.10.0_3148\workspace_os\LPC55S69_OS.src\drivers" -I"C:\Users\mouno\Documents\MCUXpressoIDE_11.10.0_3148\workspace_os\LPC55S69_OS.src\LPC55S69\drivers" -I"C:\Users\mouno\Documents\MCUXpressoIDE_11.10.0_3148\workspace_os\LPC55S69_OS.src\utilities" -I"C:\Users\mouno\Documents\MCUXpressoIDE_11.10.0_3148\workspace_os\LPC55S69_OS.src\component\uart" -I"C:\Users\mouno\Documents\MCUXpressoIDE_11.10.0_3148\workspace_os\LPC55S69_OS.src\component\serial_manager" -I"C:\Users\mouno\Documents\MCUXpressoIDE_11.10.0_3148\workspace_os\LPC55S69_OS.src\component\lists" -I"C:\Users\mouno\Documents\MCUXpressoIDE_11.10.0_3148\workspace_os\LPC55S69_OS.src\CMSIS" -I"C:\Users\mouno\Documents\MCUXpressoIDE_11.10.0_3148\workspace_os\LPC55S69_OS.src\device" -I"C:\Users\mouno\Documents\MCUXpressoIDE_11.10.0_3148\workspace_os\LPC55S69_OS.src\board" -I"C:\Users\mouno\Documents\MCUXpressoIDE_11.10.0_3148\workspace_os\LPC55S69_OS.src\source" -I"C:\Users\mouno\Documents\MCUXpressoIDE_11.10.0_3148\workspace_os\LPC55S69_OS.src\drivers" -I"C:\Users\mouno\Documents\MCUXpressoIDE_11.10.0_3148\workspace_os\LPC55S69_OS.src\LPC55S69\drivers" -I"C:\Users\mouno\Documents\MCUXpressoIDE_11.10.0_3148\workspace_os\LPC55S69_OS.src\utilities" -I"C:\Users\mouno\Documents\MCUXpressoIDE_11.10.0_3148\workspace_os\LPC55S69_OS.src\component\uart" -I"C:\Users\mouno\Documents\MCUXpressoIDE_11.10.0_3148\workspace_os\LPC55S69_OS.src\component\serial_manager" -I"C:\Users\mouno\Documents\MCUXpressoIDE_11.10.0_3148\workspace_os\LPC55S69_OS.src\component\lists" -I"C:\Users\mouno\Documents\MCUXpressoIDE_11.10.0_3148\workspace_os\LPC55S69_OS.src\startup" -I"C:\Users\mouno\Documents\MCUXpressoIDE_11.10.0_3148\workspace_os\LPC55S69_OS.src\CMSIS" -I"C:\Users\mouno\Documents\MCUXpressoIDE_11.10.0_3148\workspace_os\LPC55S69_OS.src\device" -O0 -fno-common -g3 -gdwarf-4 -Wall -c -ffunction-sections -fdata-sections -ffreestanding -fno-builtin -fmerge-constants -fmacro-prefix-map="../device/"= -mcpu=cortex-m33 -mfpu=fpv5-sp-d16 -mfloat-abi=hard -mthumb -D__NEWLIB__ -fstack-usage -specs=nano.specs -MMD -MP -MF"device/system_LPC55S69_cm33_core0.d" -MT"device/system_LPC55S69_cm33_core0.o" -MT"device/system_LPC55S69_cm33_core0.d" -o "device/system_LPC55S69_cm33_core0.o" "../device/system_LPC55S69_cm33_core0.c"
Invoking: MCU C Compiler
arm-none-eabi-gcc -DCPU_LPC55S69JBD100 -DCPU_LPC55S69JBD100_cm33 -DCPU_LPC55S69JBD100_cm33_core0 -DFSL_RTOS_BM -DSDK_OS_BAREMETAL -DSDK_DEBUGCONSOLE=0 -DCR_INTEGER_PRINTF -DPRINTF_FLOAT_ENABLE=0 -DSERIAL_PORT_TYPE_UART=1 -D__MCUXPRESSO -D__USE_CMSIS -DDEBUG -D__NEWLIB__ -I"C:\Users\mouno\Documents\MCUXpressoIDE_11.10.0_3148\workspace_os\LPC55S69_OS.src\drivers" -I"C:\Users\mouno\Documents\MCUXpressoIDE_11.10.0_3148\workspace_os\LPC55S69_OS.src\LPC55S69\drivers" -I"C:\Users\mouno\Documents\MCUXpressoIDE_11.10.0_3148\workspace_os\LPC55S69_OS.src\utilities" -I"C:\Users\mouno\Documents\MCUXpressoIDE_11.10.0_3148\workspace_os\LPC55S69_OS.src\component\uart" -I"C:\Users\mouno\Documents\MCUXpressoIDE_11.10.0_3148\workspace_os\LPC55S69_OS.src\component\serial_manager" -I"C:\Users\mouno\Documents\MCUXpressoIDE_11.10.0_3148\workspace_os\LPC55S69_OS.src\component\lists" -I"C:\Users\mouno\Documents\MCUXpressoIDE_11.10.0_3148\workspace_os\LPC55S69_OS.src\CMSIS" -I"C:\Users\mouno\Documents\MCUXpressoIDE_11.10.0_3148\workspace_os\LPC55S69_OS.src\device" -I"C:\Users\mouno\Documents\MCUXpressoIDE_11.10.0_3148\workspace_os\LPC55S69_OS.src\board" -I"C:\Users\mouno\Documents\MCUXpressoIDE_11.10.0_3148\workspace_os\LPC55S69_OS.src\source" -I"C:\Users\mouno\Documents\MCUXpressoIDE_11.10.0_3148\workspace_os\LPC55S69_OS.src\drivers" -I"C:\Users\mouno\Documents\MCUXpressoIDE_11.10.0_3148\workspace_os\LPC55S69_OS.src\LPC55S69\drivers" -I"C:\Users\mouno\Documents\MCUXpressoIDE_11.10.0_3148\workspace_os\LPC55S69_OS.src\utilities" -I"C:\Users\mouno\Documents\MCUXpressoIDE_11.10.0_3148\workspace_os\LPC55S69_OS.src\component\uart" -I"C:\Users\mouno\Documents\MCUXpressoIDE_11.10.0_3148\workspace_os\LPC55S69_OS.src\component\serial_manager" -I"C:\Users\mouno\Documents\MCUXpressoIDE_11.10.0_3148\workspace_os\LPC55S69_OS.src\component\lists" -I"C:\Users\mouno\Documents\MCUXpressoIDE_11.10.0_3148\workspace_os\LPC55S69_OS.src\startup" -I"C:\Users\mouno\Documents\MCUXpressoIDE_11.10.0_3148\workspace_os\LPC55S69_OS.src\CMSIS" -I"C:\Users\mouno\Documents\MCUXpressoIDE_11.10.0_3148\workspace_os\LPC55S69_OS.src\device" -O0 -fno-common -g3 -gdwarf-4 -Wall -c -ffunction-sections -fdata-sections -ffreestanding -fno-builtin -fmerge-constants -fmacro-prefix-map="../device/"= -mcpu=cortex-m33 -mfpu=fpv5-sp-d16 -mfloat-abi=hard -mthumb -D__NEWLIB__ -fstack-usage -specs=nano.specs -MMD -MP -MF"device/target.d" -MT"device/target.o" -MT"device/target.d" -o "device/target.o" "../device/target.c"
Building file: ../device/termio.c
Building file: ../device/vfs.c
Building file: ../component/uart/fsl_adapter_usart.c
Invoking: MCU C Compiler
arm-none-eabi-gcc -DCPU_LPC55S69JBD100 -DCPU_LPC55S69JBD100_cm33 -DCPU_LPC55S69JBD100_cm33_core0 -DFSL_RTOS_BM -DSDK_OS_BAREMETAL -DSDK_DEBUGCONSOLE=0 -DCR_INTEGER_PRINTF -DPRINTF_FLOAT_ENABLE=0 -DSERIAL_PORT_TYPE_UART=1 -D__MCUXPRESSO -D__USE_CMSIS -DDEBUG -D__NEWLIB__ -I"C:\Users\mouno\Documents\MCUXpressoIDE_11.10.0_3148\workspace_os\LPC55S69_OS.src\drivers" -I"C:\Users\mouno\Documents\MCUXpressoIDE_11.10.0_3148\workspace_os\LPC55S69_OS.src\LPC55S69\drivers" -I"C:\Users\mouno\Documents\MCUXpressoIDE_11.10.0_3148\workspace_os\LPC55S69_OS.src\utilities" -I"C:\Users\mouno\Documents\MCUXpressoIDE_11.10.0_3148\workspace_os\LPC55S69_OS.src\component\uart" -I"C:\Users\mouno\Documents\MCUXpressoIDE_11.10.0_3148\workspace_os\LPC55S69_OS.src\component\serial_manager" -I"C:\Users\mouno\Documents\MCUXpressoIDE_11.10.0_3148\workspace_os\LPC55S69_OS.src\component\lists" -I"C:\Users\mouno\Documents\MCUXpressoIDE_11.10.0_3148\workspace_os\LPC55S69_OS.src\CMSIS" -I"C:\Users\mouno\Documents\MCUXpressoIDE_11.10.0_3148\workspace_os\LPC55S69_OS.src\device" -I"C:\Users\mouno\Documents\MCUXpressoIDE_11.10.0_3148\workspace_os\LPC55S69_OS.src\board" -I"C:\Users\mouno\Documents\MCUXpressoIDE_11.10.0_3148\workspace_os\LPC55S69_OS.src\source" -I"C:\Users\mouno\Documents\MCUXpressoIDE_11.10.0_3148\workspace_os\LPC55S69_OS.src\drivers" -I"C:\Users\mouno\Documents\MCUXpressoIDE_11.10.0_3148\workspace_os\LPC55S69_OS.src\LPC55S69\drivers" -I"C:\Users\mouno\Documents\MCUXpressoIDE_11.10.0_3148\workspace_os\LPC55S69_OS.src\utilities" -I"C:\Users\mouno\Documents\MCUXpressoIDE_11.10.0_3148\workspace_os\LPC55S69_OS.src\component\uart" -I"C:\Users\mouno\Documents\MCUXpressoIDE_11.10.0_3148\workspace_os\LPC55S69_OS.src\component\serial_manager" -I"C:\Users\mouno\Documents\MCUXpressoIDE_11.10.0_3148\workspace_os\LPC55S69_OS.src\component\lists" -I"C:\Users\mouno\Documents\MCUXpressoIDE_11.10.0_3148\workspace_os\LPC55S69_OS.src\startup" -I"C:\Users\mouno\Documents\MCUXpressoIDE_11.10.0_3148\workspace_os\LPC55S69_OS.src\CMSIS" -I"C:\Users\mouno\Documents\MCUXpressoIDE_11.10.0_3148\workspace_os\LPC55S69_OS.src\device" -O0 -fno-common -g3 -gdwarf-4 -Wall -c -ffunction-sections -fdata-sections -ffreestanding -fno-builtin -fmerge-constants -fmacro-prefix-map="../device/"= -mcpu=cortex-m33 -mfpu=fpv5-sp-d16 -mfloat-abi=hard -mthumb -D__NEWLIB__ -fstack-usage -specs=nano.specs -MMD -MP -MF"device/termio.d" -MT"device/termio.o" -MT"device/termio.d" -o "device/termio.o" "../device/termio.c"
Building file: ../component/serial_manager/fsl_component_serial_manager.c
Invoking: MCU C Compiler
Invoking: MCU C Compiler
arm-none-eabi-gcc -DCPU_LPC55S69JBD100 -DCPU_LPC55S69JBD100_cm33 -DCPU_LPC55S69JBD100_cm33_core0 -DFSL_RTOS_BM -DSDK_OS_BAREMETAL -DSDK_DEBUGCONSOLE=0 -DCR_INTEGER_PRINTF -DPRINTF_FLOAT_ENABLE=0 -DSERIAL_PORT_TYPE_UART=1 -D__MCUXPRESSO -D__USE_CMSIS -DDEBUG -D__NEWLIB__ -I"C:\Users\mouno\Documents\MCUXpressoIDE_11.10.0_3148\workspace_os\LPC55S69_OS.src\drivers" -I"C:\Users\mouno\Documents\MCUXpressoIDE_11.10.0_3148\workspace_os\LPC55S69_OS.src\LPC55S69\drivers" -I"C:\Users\mouno\Documents\MCUXpressoIDE_11.10.0_3148\workspace_os\LPC55S69_OS.src\utilities" -I"C:\Users\mouno\Documents\MCUXpressoIDE_11.10.0_3148\workspace_os\LPC55S69_OS.src\component\uart" -I"C:\Users\mouno\Documents\MCUXpressoIDE_11.10.0_3148\workspace_os\LPC55S69_OS.src\component\serial_manager" -I"C:\Users\mouno\Documents\MCUXpressoIDE_11.10.0_3148\workspace_os\LPC55S69_OS.src\component\lists" -I"C:\Users\mouno\Documents\MCUXpressoIDE_11.10.0_3148\workspace_os\LPC55S69_OS.src\CMSIS" -I"C:\Users\mouno\Documents\MCUXpressoIDE_11.10.0_3148\workspace_os\LPC55S69_OS.src\device" -I"C:\Users\mouno\Documents\MCUXpressoIDE_11.10.0_3148\workspace_os\LPC55S69_OS.src\board" -I"C:\Users\mouno\Documents\MCUXpressoIDE_11.10.0_3148\workspace_os\LPC55S69_OS.src\source" -I"C:\Users\mouno\Documents\MCUXpressoIDE_11.10.0_3148\workspace_os\LPC55S69_OS.src\drivers" -I"C:\Users\mouno\Documents\MCUXpressoIDE_11.10.0_3148\workspace_os\LPC55S69_OS.src\LPC55S69\drivers" -I"C:\Users\mouno\Documents\MCUXpressoIDE_11.10.0_3148\workspace_os\LPC55S69_OS.src\utilities" -I"C:\Users\mouno\Documents\MCUXpressoIDE_11.10.0_3148\workspace_os\LPC55S69_OS.src\component\uart" -I"C:\Users\mouno\Documents\MCUXpressoIDE_11.10.0_3148\workspace_os\LPC55S69_OS.src\component\serial_manager" -I"C:\Users\mouno\Documents\MCUXpressoIDE_11.10.0_3148\workspace_os\LPC55S69_OS.src\component\lists" -I"C:\Users\mouno\Documents\MCUXpressoIDE_11.10.0_3148\workspace_os\LPC55S69_OS.src\startup" -I"C:\Users\mouno\Documents\MCUXpressoIDE_11.10.0_3148\workspace_os\LPC55S69_OS.src\CMSIS" -I"C:\Users\mouno\Documents\MCUXpressoIDE_11.10.0_3148\workspace_os\LPC55S69_OS.src\device" -O0 -fno-common -g3 -gdwarf-4 -Wall -c -ffunction-sections -fdata-sections -ffreestanding -fno-builtin -fmerge-constants -fmacro-prefix-map="../device/"= -mcpu=cortex-m33 -mfpu=fpv5-sp-d16 -mfloat-abi=hard -mthumb -D__NEWLIB__ -fstack-usage -specs=nano.specs -MMD -MP -MF"device/vfs.d" -MT"device/vfs.o" -MT"device/vfs.d" -o "device/vfs.o" "../device/vfs.c"
Building file: ../component/serial_manager/fsl_component_serial_port_uart.c
arm-none-eabi-gcc -DCPU_LPC55S69JBD100 -DCPU_LPC55S69JBD100_cm33 -DCPU_LPC55S69JBD100_cm33_core0 -DFSL_RTOS_BM -DSDK_OS_BAREMETAL -DSDK_DEBUGCONSOLE=0 -DCR_INTEGER_PRINTF -DPRINTF_FLOAT_ENABLE=0 -DSERIAL_PORT_TYPE_UART=1 -D__MCUXPRESSO -D__USE_CMSIS -DDEBUG -D__NEWLIB__ -I"C:\Users\mouno\Documents\MCUXpressoIDE_11.10.0_3148\workspace_os\LPC55S69_OS.src\drivers" -I"C:\Users\mouno\Documents\MCUXpressoIDE_11.10.0_3148\workspace_os\LPC55S69_OS.src\LPC55S69\drivers" -I"C:\Users\mouno\Documents\MCUXpressoIDE_11.10.0_3148\workspace_os\LPC55S69_OS.src\utilities" -I"C:\Users\mouno\Documents\MCUXpressoIDE_11.10.0_3148\workspace_os\LPC55S69_OS.src\component\uart" -I"C:\Users\mouno\Documents\MCUXpressoIDE_11.10.0_3148\workspace_os\LPC55S69_OS.src\component\serial_manager" -I"C:\Users\mouno\Documents\MCUXpressoIDE_11.10.0_3148\workspace_os\LPC55S69_OS.src\component\lists" -I"C:\Users\mouno\Documents\MCUXpressoIDE_11.10.0_3148\workspace_os\LPC55S69_OS.src\CMSIS" -I"C:\Users\mouno\Documents\MCUXpressoIDE_11.10.0_3148\workspace_os\LPC55S69_OS.src\device" -I"C:\Users\mouno\Documents\MCUXpressoIDE_11.10.0_3148\workspace_os\LPC55S69_OS.src\board" -I"C:\Users\mouno\Documents\MCUXpressoIDE_11.10.0_3148\workspace_os\LPC55S69_OS.src\source" -I"C:\Users\mouno\Documents\MCUXpressoIDE_11.10.0_3148\workspace_os\LPC55S69_OS.src\drivers" -I"C:\Users\mouno\Documents\MCUXpressoIDE_11.10.0_3148\workspace_os\LPC55S69_OS.src\LPC55S69\drivers" -I"C:\Users\mouno\Documents\MCUXpressoIDE_11.10.0_3148\workspace_os\LPC55S69_OS.src\utilities" -I"C:\Users\mouno\Documents\MCUXpressoIDE_11.10.0_3148\workspace_os\LPC55S69_OS.src\component\uart" -I"C:\Users\mouno\Documents\MCUXpressoIDE_11.10.0_3148\workspace_os\LPC55S69_OS.src\component\serial_manager" -I"C:\Users\mouno\Documents\MCUXpressoIDE_11.10.0_3148\workspace_os\LPC55S69_OS.src\component\lists" -I"C:\Users\mouno\Documents\MCUXpressoIDE_11.10.0_3148\workspace_os\LPC55S69_OS.src\startup" -I"C:\Users\mouno\Documents\MCUXpressoIDE_11.10.0_3148\workspace_os\LPC55S69_OS.src\CMSIS" -I"C:\Users\mouno\Documents\MCUXpressoIDE_11.10.0_3148\workspace_os\LPC55S69_OS.src\device" -O0 -fno-common -g3 -gdwarf-4 -Wall -c -ffunction-sections -fdata-sections -ffreestanding -fno-builtin -fmerge-constants -fmacro-prefix-map="../component/uart/"= -mcpu=cortex-m33 -mfpu=fpv5-sp-d16 -mfloat-abi=hard -mthumb -D__NEWLIB__ -fstack-usage -specs=nano.specs -MMD -MP -MF"component/uart/fsl_adapter_usart.d" -MT"component/uart/fsl_adapter_usart.o" -MT"component/uart/fsl_adapter_usart.d" -o "component/uart/fsl_adapter_usart.o" "../component/uart/fsl_adapter_usart.c"
Invoking: MCU C Compiler
arm-none-eabi-gcc -DCPU_LPC55S69JBD100 -DCPU_LPC55S69JBD100_cm33 -DCPU_LPC55S69JBD100_cm33_core0 -DFSL_RTOS_BM -DSDK_OS_BAREMETAL -DSDK_DEBUGCONSOLE=0 -DCR_INTEGER_PRINTF -DPRINTF_FLOAT_ENABLE=0 -DSERIAL_PORT_TYPE_UART=1 -D__MCUXPRESSO -D__USE_CMSIS -DDEBUG -D__NEWLIB__ -I"C:\Users\mouno\Documents\MCUXpressoIDE_11.10.0_3148\workspace_os\LPC55S69_OS.src\drivers" -I"C:\Users\mouno\Documents\MCUXpressoIDE_11.10.0_3148\workspace_os\LPC55S69_OS.src\LPC55S69\drivers" -I"C:\Users\mouno\Documents\MCUXpressoIDE_11.10.0_3148\workspace_os\LPC55S69_OS.src\utilities" -I"C:\Users\mouno\Documents\MCUXpressoIDE_11.10.0_3148\workspace_os\LPC55S69_OS.src\component\uart" -I"C:\Users\mouno\Documents\MCUXpressoIDE_11.10.0_3148\workspace_os\LPC55S69_OS.src\component\serial_manager" -I"C:\Users\mouno\Documents\MCUXpressoIDE_11.10.0_3148\workspace_os\LPC55S69_OS.src\component\lists" -I"C:\Users\mouno\Documents\MCUXpressoIDE_11.10.0_3148\workspace_os\LPC55S69_OS.src\CMSIS" -I"C:\Users\mouno\Documents\MCUXpressoIDE_11.10.0_3148\workspace_os\LPC55S69_OS.src\device" -I"C:\Users\mouno\Documents\MCUXpressoIDE_11.10.0_3148\workspace_os\LPC55S69_OS.src\board" -I"C:\Users\mouno\Documents\MCUXpressoIDE_11.10.0_3148\workspace_os\LPC55S69_OS.src\source" -I"C:\Users\mouno\Documents\MCUXpressoIDE_11.10.0_3148\workspace_os\LPC55S69_OS.src\drivers" -I"C:\Users\mouno\Documents\MCUXpressoIDE_11.10.0_3148\workspace_os\LPC55S69_OS.src\LPC55S69\drivers" -I"C:\Users\mouno\Documents\MCUXpressoIDE_11.10.0_3148\workspace_os\LPC55S69_OS.src\utilities" -I"C:\Users\mouno\Documents\MCUXpressoIDE_11.10.0_3148\workspace_os\LPC55S69_OS.src\component\uart" -I"C:\Users\mouno\Documents\MCUXpressoIDE_11.10.0_3148\workspace_os\LPC55S69_OS.src\component\serial_manager" -I"C:\Users\mouno\Documents\MCUXpressoIDE_11.10.0_3148\workspace_os\LPC55S69_OS.src\component\lists" -I"C:\Users\mouno\Documents\MCUXpressoIDE_11.10.0_3148\workspace_os\LPC55S69_OS.src\startup" -I"C:\Users\mouno\Documents\MCUXpressoIDE_11.10.0_3148\workspace_os\LPC55S69_OS.src\CMSIS" -I"C:\Users\mouno\Documents\MCUXpressoIDE_11.10.0_3148\workspace_os\LPC55S69_OS.src\device" -O0 -fno-common -g3 -gdwarf-4 -Wall -c -ffunction-sections -fdata-sections -ffreestanding -fno-builtin -fmerge-constants -fmacro-prefix-map="../component/serial_manager/"= -mcpu=cortex-m33 -mfpu=fpv5-sp-d16 -mfloat-abi=hard -mthumb -D__NEWLIB__ -fstack-usage -specs=nano.specs -MMD -MP -MF"component/serial_manager/fsl_component_serial_manager.d" -MT"component/serial_manager/fsl_component_serial_manager.o" -MT"component/serial_manager/fsl_component_serial_manager.d" -o "component/serial_manager/fsl_component_serial_manager.o" "../component/serial_manager/fsl_component_serial_manager.c"
Invoking: MCU C Compiler
arm-none-eabi-gcc -DCPU_LPC55S69JBD100 -DCPU_LPC55S69JBD100_cm33 -DCPU_LPC55S69JBD100_cm33_core0 -DFSL_RTOS_BM -DSDK_OS_BAREMETAL -DSDK_DEBUGCONSOLE=0 -DCR_INTEGER_PRINTF -DPRINTF_FLOAT_ENABLE=0 -DSERIAL_PORT_TYPE_UART=1 -D__MCUXPRESSO -D__USE_CMSIS -DDEBUG -D__NEWLIB__ -I"C:\Users\mouno\Documents\MCUXpressoIDE_11.10.0_3148\workspace_os\LPC55S69_OS.src\drivers" -I"C:\Users\mouno\Documents\MCUXpressoIDE_11.10.0_3148\workspace_os\LPC55S69_OS.src\LPC55S69\drivers" -I"C:\Users\mouno\Documents\MCUXpressoIDE_11.10.0_3148\workspace_os\LPC55S69_OS.src\utilities" -I"C:\Users\mouno\Documents\MCUXpressoIDE_11.10.0_3148\workspace_os\LPC55S69_OS.src\component\uart" -I"C:\Users\mouno\Documents\MCUXpressoIDE_11.10.0_3148\workspace_os\LPC55S69_OS.src\component\serial_manager" -I"C:\Users\mouno\Documents\MCUXpressoIDE_11.10.0_3148\workspace_os\LPC55S69_OS.src\component\lists" -I"C:\Users\mouno\Documents\MCUXpressoIDE_11.10.0_3148\workspace_os\LPC55S69_OS.src\CMSIS" -I"C:\Users\mouno\Documents\MCUXpressoIDE_11.10.0_3148\workspace_os\LPC55S69_OS.src\device" -I"C:\Users\mouno\Documents\MCUXpressoIDE_11.10.0_3148\workspace_os\LPC55S69_OS.src\board" -I"C:\Users\mouno\Documents\MCUXpressoIDE_11.10.0_3148\workspace_os\LPC55S69_OS.src\source" -I"C:\Users\mouno\Documents\MCUXpressoIDE_11.10.0_3148\workspace_os\LPC55S69_OS.src\drivers" -I"C:\Users\mouno\Documents\MCUXpressoIDE_11.10.0_3148\workspace_os\LPC55S69_OS.src\LPC55S69\drivers" -I"C:\Users\mouno\Documents\MCUXpressoIDE_11.10.0_3148\workspace_os\LPC55S69_OS.src\utilities" -I"C:\Users\mouno\Documents\MCUXpressoIDE_11.10.0_3148\workspace_os\LPC55S69_OS.src\component\uart" -I"C:\Users\mouno\Documents\MCUXpressoIDE_11.10.0_3148\workspace_os\LPC55S69_OS.src\component\serial_manager" -I"C:\Users\mouno\Documents\MCUXpressoIDE_11.10.0_3148\workspace_os\LPC55S69_OS.src\component\lists" -I"C:\Users\mouno\Documents\MCUXpressoIDE_11.10.0_3148\workspace_os\LPC55S69_OS.src\startup" -I"C:\Users\mouno\Documents\MCUXpressoIDE_11.10.0_3148\workspace_os\LPC55S69_OS.src\CMSIS" -I"C:\Users\mouno\Documents\MCUXpressoIDE_11.10.0_3148\workspace_os\LPC55S69_OS.src\device" -O0 -fno-common -g3 -gdwarf-4 -Wall -c -ffunction-sections -fdata-sections -ffreestanding -fno-builtin -fmerge-constants -fmacro-prefix-map="../component/serial_manager/"= -mcpu=cortex-m33 -mfpu=fpv5-sp-d16 -mfloat-abi=hard -mthumb -D__NEWLIB__ -fstack-usage -specs=nano.specs -MMD -MP -MF"component/serial_manager/fsl_component_serial_port_uart.d" -MT"component/serial_manager/fsl_component_serial_port_uart.o" -MT"component/serial_manager/fsl_component_serial_port_uart.d" -o "component/serial_manager/fsl_component_serial_port_uart.o" "../component/serial_manager/fsl_component_serial_port_uart.c"
Building file: ../component/lists/fsl_component_generic_list.c
Building file: ../board/board.c
Building file: ../board/clock_config.c
Invoking: MCU C Compiler
Invoking: MCU C Compiler
arm-none-eabi-gcc -DCPU_LPC55S69JBD100 -DCPU_LPC55S69JBD100_cm33 -DCPU_LPC55S69JBD100_cm33_core0 -DFSL_RTOS_BM -DSDK_OS_BAREMETAL -DSDK_DEBUGCONSOLE=0 -DCR_INTEGER_PRINTF -DPRINTF_FLOAT_ENABLE=0 -DSERIAL_PORT_TYPE_UART=1 -D__MCUXPRESSO -D__USE_CMSIS -DDEBUG -D__NEWLIB__ -I"C:\Users\mouno\Documents\MCUXpressoIDE_11.10.0_3148\workspace_os\LPC55S69_OS.src\drivers" -I"C:\Users\mouno\Documents\MCUXpressoIDE_11.10.0_3148\workspace_os\LPC55S69_OS.src\LPC55S69\drivers" -I"C:\Users\mouno\Documents\MCUXpressoIDE_11.10.0_3148\workspace_os\LPC55S69_OS.src\utilities" -I"C:\Users\mouno\Documents\MCUXpressoIDE_11.10.0_3148\workspace_os\LPC55S69_OS.src\component\uart" -I"C:\Users\mouno\Documents\MCUXpressoIDE_11.10.0_3148\workspace_os\LPC55S69_OS.src\component\serial_manager" -I"C:\Users\mouno\Documents\MCUXpressoIDE_11.10.0_3148\workspace_os\LPC55S69_OS.src\component\lists" -I"C:\Users\mouno\Documents\MCUXpressoIDE_11.10.0_3148\workspace_os\LPC55S69_OS.src\CMSIS" -I"C:\Users\mouno\Documents\MCUXpressoIDE_11.10.0_3148\workspace_os\LPC55S69_OS.src\device" -I"C:\Users\mouno\Documents\MCUXpressoIDE_11.10.0_3148\workspace_os\LPC55S69_OS.src\board" -I"C:\Users\mouno\Documents\MCUXpressoIDE_11.10.0_3148\workspace_os\LPC55S69_OS.src\source" -I"C:\Users\mouno\Documents\MCUXpressoIDE_11.10.0_3148\workspace_os\LPC55S69_OS.src\drivers" -I"C:\Users\mouno\Documents\MCUXpressoIDE_11.10.0_3148\workspace_os\LPC55S69_OS.src\LPC55S69\drivers" -I"C:\Users\mouno\Documents\MCUXpressoIDE_11.10.0_3148\workspace_os\LPC55S69_OS.src\utilities" -I"C:\Users\mouno\Documents\MCUXpressoIDE_11.10.0_3148\workspace_os\LPC55S69_OS.src\component\uart" -I"C:\Users\mouno\Documents\MCUXpressoIDE_11.10.0_3148\workspace_os\LPC55S69_OS.src\component\serial_manager" -I"C:\Users\mouno\Documents\MCUXpressoIDE_11.10.0_3148\workspace_os\LPC55S69_OS.src\component\lists" -I"C:\Users\mouno\Documents\MCUXpressoIDE_11.10.0_3148\workspace_os\LPC55S69_OS.src\startup" -I"C:\Users\mouno\Documents\MCUXpressoIDE_11.10.0_3148\workspace_os\LPC55S69_OS.src\CMSIS" -I"C:\Users\mouno\Documents\MCUXpressoIDE_11.10.0_3148\workspace_os\LPC55S69_OS.src\device" -O0 -fno-common -g3 -gdwarf-4 -Wall -c -ffunction-sections -fdata-sections -ffreestanding -fno-builtin -fmerge-constants -fmacro-prefix-map="../component/lists/"= -mcpu=cortex-m33 -mfpu=fpv5-sp-d16 -mfloat-abi=hard -mthumb -D__NEWLIB__ -fstack-usage -specs=nano.specs -MMD -MP -MF"component/lists/fsl_component_generic_list.d" -MT"component/lists/fsl_component_generic_list.o" -MT"component/lists/fsl_component_generic_list.d" -o "component/lists/fsl_component_generic_list.o" "../component/lists/fsl_component_generic_list.c"
Building file: ../board/peripherals.c
arm-none-eabi-gcc -DCPU_LPC55S69JBD100 -DCPU_LPC55S69JBD100_cm33 -DCPU_LPC55S69JBD100_cm33_core0 -DFSL_RTOS_BM -DSDK_OS_BAREMETAL -DSDK_DEBUGCONSOLE=0 -DCR_INTEGER_PRINTF -DPRINTF_FLOAT_ENABLE=0 -DSERIAL_PORT_TYPE_UART=1 -D__MCUXPRESSO -D__USE_CMSIS -DDEBUG -D__NEWLIB__ -I"C:\Users\mouno\Documents\MCUXpressoIDE_11.10.0_3148\workspace_os\LPC55S69_OS.src\drivers" -I"C:\Users\mouno\Documents\MCUXpressoIDE_11.10.0_3148\workspace_os\LPC55S69_OS.src\LPC55S69\drivers" -I"C:\Users\mouno\Documents\MCUXpressoIDE_11.10.0_3148\workspace_os\LPC55S69_OS.src\utilities" -I"C:\Users\mouno\Documents\MCUXpressoIDE_11.10.0_3148\workspace_os\LPC55S69_OS.src\component\uart" -I"C:\Users\mouno\Documents\MCUXpressoIDE_11.10.0_3148\workspace_os\LPC55S69_OS.src\component\serial_manager" -I"C:\Users\mouno\Documents\MCUXpressoIDE_11.10.0_3148\workspace_os\LPC55S69_OS.src\component\lists" -I"C:\Users\mouno\Documents\MCUXpressoIDE_11.10.0_3148\workspace_os\LPC55S69_OS.src\CMSIS" -I"C:\Users\mouno\Documents\MCUXpressoIDE_11.10.0_3148\workspace_os\LPC55S69_OS.src\device" -I"C:\Users\mouno\Documents\MCUXpressoIDE_11.10.0_3148\workspace_os\LPC55S69_OS.src\board" -I"C:\Users\mouno\Documents\MCUXpressoIDE_11.10.0_3148\workspace_os\LPC55S69_OS.src\source" -I"C:\Users\mouno\Documents\MCUXpressoIDE_11.10.0_3148\workspace_os\LPC55S69_OS.src\drivers" -I"C:\Users\mouno\Documents\MCUXpressoIDE_11.10.0_3148\workspace_os\LPC55S69_OS.src\LPC55S69\drivers" -I"C:\Users\mouno\Documents\MCUXpressoIDE_11.10.0_3148\workspace_os\LPC55S69_OS.src\utilities" -I"C:\Users\mouno\Documents\MCUXpressoIDE_11.10.0_3148\workspace_os\LPC55S69_OS.src\component\uart" -I"C:\Users\mouno\Documents\MCUXpressoIDE_11.10.0_3148\workspace_os\LPC55S69_OS.src\component\serial_manager" -I"C:\Users\mouno\Documents\MCUXpressoIDE_11.10.0_3148\workspace_os\LPC55S69_OS.src\component\lists" -I"C:\Users\mouno\Documents\MCUXpressoIDE_11.10.0_3148\workspace_os\LPC55S69_OS.src\startup" -I"C:\Users\mouno\Documents\MCUXpressoIDE_11.10.0_3148\workspace_os\LPC55S69_OS.src\CMSIS" -I"C:\Users\mouno\Documents\MCUXpressoIDE_11.10.0_3148\workspace_os\LPC55S69_OS.src\device" -O0 -fno-common -g3 -gdwarf-4 -Wall -c -ffunction-sections -fdata-sections -ffreestanding -fno-builtin -fmerge-constants -fmacro-prefix-map="../board/"= -mcpu=cortex-m33 -mfpu=fpv5-sp-d16 -mfloat-abi=hard -mthumb -D__NEWLIB__ -fstack-usage -specs=nano.specs -MMD -MP -MF"board/board.d" -MT"board/board.o" -MT"board/board.d" -o "board/board.o" "../board/board.c"
Invoking: MCU C Compiler
arm-none-eabi-gcc -DCPU_LPC55S69JBD100 -DCPU_LPC55S69JBD100_cm33 -DCPU_LPC55S69JBD100_cm33_core0 -DFSL_RTOS_BM -DSDK_OS_BAREMETAL -DSDK_DEBUGCONSOLE=0 -DCR_INTEGER_PRINTF -DPRINTF_FLOAT_ENABLE=0 -DSERIAL_PORT_TYPE_UART=1 -D__MCUXPRESSO -D__USE_CMSIS -DDEBUG -D__NEWLIB__ -I"C:\Users\mouno\Documents\MCUXpressoIDE_11.10.0_3148\workspace_os\LPC55S69_OS.src\drivers" -I"C:\Users\mouno\Documents\MCUXpressoIDE_11.10.0_3148\workspace_os\LPC55S69_OS.src\LPC55S69\drivers" -I"C:\Users\mouno\Documents\MCUXpressoIDE_11.10.0_3148\workspace_os\LPC55S69_OS.src\utilities" -I"C:\Users\mouno\Documents\MCUXpressoIDE_11.10.0_3148\workspace_os\LPC55S69_OS.src\component\uart" -I"C:\Users\mouno\Documents\MCUXpressoIDE_11.10.0_3148\workspace_os\LPC55S69_OS.src\component\serial_manager" -I"C:\Users\mouno\Documents\MCUXpressoIDE_11.10.0_3148\workspace_os\LPC55S69_OS.src\component\lists" -I"C:\Users\mouno\Documents\MCUXpressoIDE_11.10.0_3148\workspace_os\LPC55S69_OS.src\CMSIS" -I"C:\Users\mouno\Documents\MCUXpressoIDE_11.10.0_3148\workspace_os\LPC55S69_OS.src\device" -I"C:\Users\mouno\Documents\MCUXpressoIDE_11.10.0_3148\workspace_os\LPC55S69_OS.src\board" -I"C:\Users\mouno\Documents\MCUXpressoIDE_11.10.0_3148\workspace_os\LPC55S69_OS.src\source" -I"C:\Users\mouno\Documents\MCUXpressoIDE_11.10.0_3148\workspace_os\LPC55S69_OS.src\drivers" -I"C:\Users\mouno\Documents\MCUXpressoIDE_11.10.0_3148\workspace_os\LPC55S69_OS.src\LPC55S69\drivers" -I"C:\Users\mouno\Documents\MCUXpressoIDE_11.10.0_3148\workspace_os\LPC55S69_OS.src\utilities" -I"C:\Users\mouno\Documents\MCUXpressoIDE_11.10.0_3148\workspace_os\LPC55S69_OS.src\component\uart" -I"C:\Users\mouno\Documents\MCUXpressoIDE_11.10.0_3148\workspace_os\LPC55S69_OS.src\component\serial_manager" -I"C:\Users\mouno\Documents\MCUXpressoIDE_11.10.0_3148\workspace_os\LPC55S69_OS.src\component\lists" -I"C:\Users\mouno\Documents\MCUXpressoIDE_11.10.0_3148\workspace_os\LPC55S69_OS.src\startup" -I"C:\Users\mouno\Documents\MCUXpressoIDE_11.10.0_3148\workspace_os\LPC55S69_OS.src\CMSIS" -I"C:\Users\mouno\Documents\MCUXpressoIDE_11.10.0_3148\workspace_os\LPC55S69_OS.src\device" -O0 -fno-common -g3 -gdwarf-4 -Wall -c -ffunction-sections -fdata-sections -ffreestanding -fno-builtin -fmerge-constants -fmacro-prefix-map="../board/"= -mcpu=cortex-m33 -mfpu=fpv5-sp-d16 -mfloat-abi=hard -mthumb -D__NEWLIB__ -fstack-usage -specs=nano.specs -MMD -MP -MF"board/clock_config.d" -MT"board/clock_config.o" -MT"board/clock_config.d" -o "board/clock_config.o" "../board/clock_config.c"
Invoking: MCU C Compiler
../device/target.c:218:12: warning: 'dev_read_btn' defined but not used [-Wunused-function]
  218 | static int dev_read_btn(FileObject *f, void *buf, size_t len)
      |            ^~~~~~~~~~~~
../device/target.c:210:12: warning: 'dev_close_btn' defined but not used [-Wunused-function]
  210 | static int dev_close_btn(FileObject *f)
      |            ^~~~~~~~~~~~~
[...]
Invoking: MCU C Compiler
arm-none-eabi-gcc -DCPU_LPC55S69JBD100 -DCPU_LPC55S69JBD100_cm33 -DCPU_LPC55S69JBD100_cm33_core0 -DFSL_RTOS_BM -DSDK_OS_BAREMETAL -DSDK_DEBUGCONSOLE=0 -DCR_INTEGER_PRINTF -DPRINTF_FLOAT_ENABLE=0 -DSERIAL_PORT_TYPE_UART=1 -D__MCUXPRESSO -D__USE_CMSIS -DDEBUG -D__NEWLIB__ -I"C:\Users\mouno\Documents\MCUXpressoIDE_11.10.0_3148\workspace_os\LPC55S69_OS.src\drivers" -I"C:\Users\mouno\Documents\MCUXpressoIDE_11.10.0_3148\workspace_os\LPC55S69_OS.src\LPC55S69\drivers" -I"C:\Users\mouno\Documents\MCUXpressoIDE_11.10.0_3148\workspace_os\LPC55S69_OS.src\utilities" -I"C:\Users\mouno\Documents\MCUXpressoIDE_11.10.0_3148\workspace_os\LPC55S69_OS.src\component\uart" -I"C:\Users\mouno\Documents\MCUXpressoIDE_11.10.0_3148\workspace_os\LPC55S69_OS.src\component\serial_manager" -I"C:\Users\mouno\Documents\MCUXpressoIDE_11.10.0_3148\workspace_os\LPC55S69_OS.src\component\lists" -I"C:\Users\mouno\Documents\MCUXpressoIDE_11.10.0_3148\workspace_os\LPC55S69_OS.src\CMSIS" -I"C:\Users\mouno\Documents\MCUXpressoIDE_11.10.0_3148\workspace_os\LPC55S69_OS.src\device" -I"C:\Users\mouno\Documents\MCUXpressoIDE_11.10.0_3148\workspace_os\LPC55S69_OS.src\board" -I"C:\Users\mouno\Documents\MCUXpressoIDE_11.10.0_3148\workspace_os\LPC55S69_OS.src\source" -I"C:\Users\mouno\Documents\MCUXpressoIDE_11.10.0_3148\workspace_os\LPC55S69_OS.src\drivers" -I"C:\Users\mouno\Documents\MCUXpressoIDE_11.10.0_3148\workspace_os\LPC55S69_OS.src\LPC55S69\drivers" -I"C:\Users\mouno\Documents\MCUXpressoIDE_11.10.0_3148\workspace_os\LPC55S69_OS.src\utilities" -I"C:\Users\mouno\Documents\MCUXpressoIDE_11.10.0_3148\workspace_os\LPC55S69_OS.src\component\uart" -I"C:\Users\mouno\Documents\MCUXpressoIDE_11.10.0_3148\workspace_os\LPC55S69_OS.src\component\serial_manager" -I"C:\Users\mouno\Documents\MCUXpressoIDE_11.10.0_3148\workspace_os\LPC55S69_OS.src\component\lists" -I"C:\Users\mouno\Documents\MCUXpressoIDE_11.10.0_3148\workspace_os\LPC55S69_OS.src\startup" -I"C:\Users\mouno\Documents\MCUXpressoIDE_11.10.0_3148\workspace_os\LPC55S69_OS.src\CMSIS" -I"C:\Users\mouno\Documents\MCUXpressoIDE_11.10.0_3148\workspace_os\LPC55S69_OS.src\device" -O0 -fno-common -g3 -gdwarf-4 -Wall -c -ffunction-sections -fdata-sections -ffreestanding -fno-builtin -fmerge-constants -fmacro-prefix-map="../device/"= -mcpu=cortex-m33 -mfpu=fpv5-sp-d16 -mfloat-abi=hard -mthumb -D__NEWLIB__ -fstack-usage -specs=nano.specs -MMD -MP -MF"device/target.d" -MT"device/target.o" -MT"device/target.d" -o "device/target.o" "../device/target.c"
../source/main.c: In function 'tache_uart':
../source/main.c:482:24: warning: passing argument 2 of 'write' discards 'const' qualifier from pointer target type [-Wdiscarded-qualifiers]
  482 |         write(uart_fd, message, strlen(message));
      |                        ^~~~~~~
In file included from ../source/main.c:4:
../source/oslib.h:162:25: note: expected 'void *' but argument is of type 'const char *'
  162 | int write(int fd, void *buf, size_t len);
      |                   ~~~~~~^~~
../device/target.c: In function 'dev_read_ser':
../device/target.c:306:5: warning: implicit declaration of function 'USART_ReadBlocking' [-Wimplicit-function-declaration]
  306 |     USART_ReadBlocking(USART0, (uint8_t *)(buff + f->offset), len);
      |     ^~~~~~~~~~~~~~~~~~
../device/target.c: In function 'dev_write_ser':
../device/target.c:319:5: warning: implicit declaration of function 'USART_WriteBlocking' [-Wimplicit-function-declaration]
  319 |     USART_WriteBlocking(USART0, (uint8_t *)buf, len);
      |     ^~~~~~~~~~~~~~~~~~~
Finished building: ../source/main.c
 
Finished building: ../device/target.c
 
Building target: LPC55S69_OS.src.axf
Invoking: MCU Linker
arm-none-eabi-gcc -nostdlib -L"C:\Users\mouno\Documents\MCUXpressoIDE_11.10.0_3148\workspace_os\LPC55S69_OS.src\LPC55S69\mcuxpresso" -Xlinker -Map="LPC55S69_OS.src.map" -Xlinker --gc-sections -Xlinker -print-memory-usage -Xlinker --sort-section=alignment -Xlinker --cref -mcpu=cortex-m33 -mfpu=fpv5-sp-d16 -mfloat-abi=hard -mthumb -T LPC55S69_OS_src_Debug.ld -o "LPC55S69_OS.src.axf" ./utilities/fsl_debug_console.o ./utilities/fsl_str.o  ./startup/boot_multicore_slave.o ./startup/startup_lpc55s69_cm33_core0.o ./startup/svc.o  ./source/main.o ./source/oslib.o ./source/semihost_hardfault.o  ./kernel/kernel.o ./kernel/list.o  ./drivers/fsl_clock.o ./drivers/fsl_common.o ./drivers/fsl_flexcomm.o ./drivers/fsl_gpio.o ./drivers/fsl_i2c.o ./drivers/fsl_inputmux.o ./drivers/fsl_pint.o ./drivers/fsl_reset.o ./drivers/fsl_usart.o  ./device/system_LPC55S69_cm33_core0.o ./device/target.o ./device/termio.o ./device/vfs.o  ./component/uart/fsl_adapter_usart.o  ./component/serial_manager/fsl_component_serial_manager.o ./component/serial_manager/fsl_component_serial_port_uart.o  ./component/lists/fsl_component_generic_list.o  ./board/board.o ./board/clock_config.o ./board/peripherals.o ./board/pin_mux.o  ./LPC55S69/drivers/fsl_power.o    -lpower_hardabi
Memory region         Used Size  Region Size  %age Used
   PROGRAM_FLASH:       19492 B       608 KB      3.13%
            SRAM:        9132 B       256 KB      3.48%
           SRAM4:          0 GB        16 KB      0.00%
           SRAMX:          0 GB        32 KB      0.00%
         USB_RAM:          0 GB        16 KB      0.00%
Finished building target: LPC55S69_OS.src.axf
 
Performing post-build steps
arm-none-eabi-size "LPC55S69_OS.src.axf"; # arm-none-eabi-objcopy -v -O binary "LPC55S69_OS.src.axf" "LPC55S69_OS.src.bin" ; # checksum -p LPC55S69 -d "LPC55S69_OS.src.bin";
   text	   data	    bss	    dec	    hex	filename
  19160	    332	   8800	  28292	   6e84	LPC55S69_OS.src.axf
 
14:54:56 **** Incremental Build of configuration Debug for project LPC55S69_OS.src ****
make -r -j20 all 
Building file: ../source/main.c
Invoking: MCU C Compiler
arm-none-eabi-gcc -DCPU_LPC55S69JBD100 -DCPU_LPC55S69JBD100_cm33 -DCPU_LPC55S69JBD100_cm33_core0 -DFSL_RTOS_BM -DSDK_OS_BAREMETAL -DSDK_DEBUGCONSOLE=0 -DCR_INTEGER_PRINTF -DPRINTF_FLOAT_ENABLE=0 -DSERIAL_PORT_TYPE_UART=1 -D__MCUXPRESSO -D__USE_CMSIS -DDEBUG -D__NEWLIB__ -I"C:\Users\mouno\Documents\MCUXpressoIDE_11.10.0_3148\workspace_os\LPC55S69_OS.src\drivers" -I"C:\Users\mouno\Documents\MCUXpressoIDE_11.10.0_3148\workspace_os\LPC55S69_OS.src\LPC55S69\drivers" -I"C:\Users\mouno\Documents\MCUXpressoIDE_11.10.0_3148\workspace_os\LPC55S69_OS.src\utilities" -I"C:\Users\mouno\Documents\MCUXpressoIDE_11.10.0_3148\workspace_os\LPC55S69_OS.src\component\uart" -I"C:\Users\mouno\Documents\MCUXpressoIDE_11.10.0_3148\workspace_os\LPC55S69_OS.src\component\serial_manager" -I"C:\Users\mouno\Documents\MCUXpressoIDE_11.10.0_3148\workspace_os\LPC55S69_OS.src\component\lists" -I"C:\Users\mouno\Documents\MCUXpressoIDE_11.10.0_3148\workspace_os\LPC55S69_OS.src\CMSIS" -I"C:\Users\mouno\Documents\MCUXpressoIDE_11.10.0_3148\workspace_os\LPC55S69_OS.src\device" -I"C:\Users\mouno\Documents\MCUXpressoIDE_11.10.0_3148\workspace_os\LPC55S69_OS.src\board" -I"C:\Users\mouno\Documents\MCUXpressoIDE_11.10.0_3148\workspace_os\LPC55S69_OS.src\source" -I"C:\Users\mouno\Documents\MCUXpressoIDE_11.10.0_3148\workspace_os\LPC55S69_OS.src\drivers" -I"C:\Users\mouno\Documents\MCUXpressoIDE_11.10.0_3148\workspace_os\LPC55S69_OS.src\LPC55S69\drivers" -I"C:\Users\mouno\Documents\MCUXpressoIDE_11.10.0_3148\workspace_os\LPC55S69_OS.src\utilities" -I"C:\Users\mouno\Documents\MCUXpressoIDE_11.10.0_3148\workspace_os\LPC55S69_OS.src\component\uart" -I"C:\Users\mouno\Documents\MCUXpressoIDE_11.10.0_3148\workspace_os\LPC55S69_OS.src\component\serial_manager" -I"C:\Users\mouno\Documents\MCUXpressoIDE_11.10.0_3148\workspace_os\LPC55S69_OS.src\component\lists" -I"C:\Users\mouno\Documents\MCUXpressoIDE_11.10.0_3148\workspace_os\LPC55S69_OS.src\startup" -I"C:\Users\mouno\Documents\MCUXpressoIDE_11.10.0_3148\workspace_os\LPC55S69_OS.src\CMSIS" -I"C:\Users\mouno\Documents\MCUXpressoIDE_11.10.0_3148\workspace_os\LPC55S69_OS.src\device" -O0 -fno-common -g3 -gdwarf-4 -Wall -c -ffunction-sections -fdata-sections -ffreestanding -fno-builtin -fmerge-constants -fmacro-prefix-map="../source/"= -mcpu=cortex-m33 -mfpu=fpv5-sp-d16 -mfloat-abi=hard -mthumb -D__NEWLIB__ -fstack-usage -specs=nano.specs -MMD -MP -MF"source/main.d" -MT"source/main.o" -MT"source/main.d" -o "source/main.o" "../source/main.c"
../source/main.c: In function 'tache_uart':
../source/main.c:482:24: warning: passing argument 2 of 'write' discards 'const' qualifier from pointer target type [-Wdiscarded-qualifiers]
  482 |         write(uart_fd, message, strlen(message));
      |                        ^~~~~~~
In file included from ../source/main.c:4:
../source/oslib.h:162:25: note: expected 'void *' but argument is of type 'const char *'
  162 | int write(int fd, void *buf, size_t len);
      |                   ~~~~~~^~~
Finished building: ../source/main.c
 
Building target: LPC55S69_OS.src.axf
Invoking: MCU Linker
arm-none-eabi-gcc -nostdlib -L"C:\Users\mouno\Documents\MCUXpressoIDE_11.10.0_3148\workspace_os\LPC55S69_OS.src\LPC55S69\mcuxpresso" -Xlinker -Map="LPC55S69_OS.src.map" -Xlinker --gc-sections -Xlinker -print-memory-usage -Xlinker --sort-section=alignment -Xlinker --cref -mcpu=cortex-m33 -mfpu=fpv5-sp-d16 -mfloat-abi=hard -mthumb -T LPC55S69_OS_src_Debug.ld -o "LPC55S69_OS.src.axf" ./utilities/fsl_debug_console.o ./utilities/fsl_str.o  ./startup/boot_multicore_slave.o ./startup/startup_lpc55s69_cm33_core0.o ./startup/svc.o  ./source/main.o ./source/oslib.o ./source/semihost_hardfault.o  ./kernel/kernel.o ./kernel/list.o  ./drivers/fsl_clock.o ./drivers/fsl_common.o ./drivers/fsl_flexcomm.o ./drivers/fsl_gpio.o ./drivers/fsl_i2c.o ./drivers/fsl_inputmux.o ./drivers/fsl_pint.o ./drivers/fsl_reset.o ./drivers/fsl_usart.o  ./device/system_LPC55S69_cm33_core0.o ./device/target.o ./device/termio.o ./device/vfs.o  ./component/uart/fsl_adapter_usart.o  ./component/serial_manager/fsl_component_serial_manager.o ./component/serial_manager/fsl_component_serial_port_uart.o  ./component/lists/fsl_component_generic_list.o  ./board/board.o ./board/clock_config.o ./board/peripherals.o ./board/pin_mux.o  ./LPC55S69/drivers/fsl_power.o    -lpower_hardabi
Memory region         Used Size  Region Size  %age Used
   PROGRAM_FLASH:       19492 B       608 KB      3.13%
            SRAM:        9132 B       256 KB      3.48%
           SRAM4:          0 GB        16 KB      0.00%
           SRAMX:          0 GB        32 KB      0.00%
         USB_RAM:          0 GB        16 KB      0.00%
Finished building target: LPC55S69_OS.src.axf
 
Performing post-build steps
arm-none-eabi-size "LPC55S69_OS.src.axf"; # arm-none-eabi-objcopy -v -O binary "LPC55S69_OS.src.axf" "LPC55S69_OS.src.bin" ; # checksum -p LPC55S69 -d "LPC55S69_OS.src.bin";
   text	   data	    bss	    dec	    hex	filename
  19160	    332	   8800	  28292	   6e84	LPC55S69_OS.src.axf
 
15:02:08 **** Incremental Build of configuration Debug for project LPC55S69_OS.src ****
make -r -j20 all 
Building file: ../source/main.c
Building file: ../device/target.c
Invoking: MCU C Compiler
arm-none-eabi-gcc -DCPU_LPC55S69JBD100 -DCPU_LPC55S69JBD100_cm33 -DCPU_LPC55S69JBD100_cm33_core0 -DFSL_RTOS_BM -DSDK_OS_BAREMETAL -DSDK_DEBUGCONSOLE=0 -DCR_INTEGER_PRINTF -DPRINTF_FLOAT_ENABLE=0 -DSERIAL_PORT_TYPE_UART=1 -D__MCUXPRESSO -D__USE_CMSIS -DDEBUG -D__NEWLIB__ -I"C:\Users\mouno\Documents\MCUXpressoIDE_11.10.0_3148\workspace_os\LPC55S69_OS.src\drivers" -I"C:\Users\mouno\Documents\MCUXpressoIDE_11.10.0_3148\workspace_os\LPC55S69_OS.src\LPC55S69\drivers" -I"C:\Users\mouno\Documents\MCUXpressoIDE_11.10.0_3148\workspace_os\LPC55S69_OS.src\utilities" -I"C:\Users\mouno\Documents\MCUXpressoIDE_11.10.0_3148\workspace_os\LPC55S69_OS.src\component\uart" -I"C:\Users\mouno\Documents\MCUXpressoIDE_11.10.0_3148\workspace_os\LPC55S69_OS.src\component\serial_manager" -I"C:\Users\mouno\Documents\MCUXpressoIDE_11.10.0_3148\workspace_os\LPC55S69_OS.src\component\lists" -I"C:\Users\mouno\Documents\MCUXpressoIDE_11.10.0_3148\workspace_os\LPC55S69_OS.src\CMSIS" -I"C:\Users\mouno\Documents\MCUXpressoIDE_11.10.0_3148\workspace_os\LPC55S69_OS.src\device" -I"C:\Users\mouno\Documents\MCUXpressoIDE_11.10.0_3148\workspace_os\LPC55S69_OS.src\board" -I"C:\Users\mouno\Documents\MCUXpressoIDE_11.10.0_3148\workspace_os\LPC55S69_OS.src\source" -I"C:\Users\mouno\Documents\MCUXpressoIDE_11.10.0_3148\workspace_os\LPC55S69_OS.src\drivers" -I"C:\Users\mouno\Documents\MCUXpressoIDE_11.10.0_3148\workspace_os\LPC55S69_OS.src\LPC55S69\drivers" -I"C:\Users\mouno\Documents\MCUXpressoIDE_11.10.0_3148\workspace_os\LPC55S69_OS.src\utilities" -I"C:\Users\mouno\Documents\MCUXpressoIDE_11.10.0_3148\workspace_os\LPC55S69_OS.src\component\uart" -I"C:\Users\mouno\Documents\MCUXpressoIDE_11.10.0_3148\workspace_os\LPC55S69_OS.src\component\serial_manager" -I"C:\Users\mouno\Documents\MCUXpressoIDE_11.10.0_3148\workspace_os\LPC55S69_OS.src\component\lists" -I"C:\Users\mouno\Documents\MCUXpressoIDE_11.10.0_3148\workspace_os\LPC55S69_OS.src\startup" -I"C:\Users\mouno\Documents\MCUXpressoIDE_11.10.0_3148\workspace_os\LPC55S69_OS.src\CMSIS" -I"C:\Users\mouno\Documents\MCUXpressoIDE_11.10.0_3148\workspace_os\LPC55S69_OS.src\device" -O0 -fno-common -g3 -gdwarf-4 -Wall -c -ffunction-sections -fdata-sections -ffreestanding -fno-builtin -fmerge-constants -fmacro-prefix-map="../source/"= -mcpu=cortex-m33 -mfpu=fpv5-sp-d16 -mfloat-abi=hard -mthumb -D__NEWLIB__ -fstack-usage -specs=nano.specs -MMD -MP -MF"source/main.d" -MT"source/main.o" -MT"source/main.d" -o "source/main.o" "../source/main.c"
Invoking: MCU C Compiler
arm-none-eabi-gcc -DCPU_LPC55S69JBD100 -DCPU_LPC55S69JBD100_cm33 -DCPU_LPC55S69JBD100_cm33_core0 -DFSL_RTOS_BM -DSDK_OS_BAREMETAL -DSDK_DEBUGCONSOLE=0 -DCR_INTEGER_PRINTF -DPRINTF_FLOAT_ENABLE=0 -DSERIAL_PORT_TYPE_UART=1 -D__MCUXPRESSO -D__USE_CMSIS -DDEBUG -D__NEWLIB__ -I"C:\Users\mouno\Documents\MCUXpressoIDE_11.10.0_3148\workspace_os\LPC55S69_OS.src\drivers" -I"C:\Users\mouno\Documents\MCUXpressoIDE_11.10.0_3148\workspace_os\LPC55S69_OS.src\LPC55S69\drivers" -I"C:\Users\mouno\Documents\MCUXpressoIDE_11.10.0_3148\workspace_os\LPC55S69_OS.src\utilities" -I"C:\Users\mouno\Documents\MCUXpressoIDE_11.10.0_3148\workspace_os\LPC55S69_OS.src\component\uart" -I"C:\Users\mouno\Documents\MCUXpressoIDE_11.10.0_3148\workspace_os\LPC55S69_OS.src\component\serial_manager" -I"C:\Users\mouno\Documents\MCUXpressoIDE_11.10.0_3148\workspace_os\LPC55S69_OS.src\component\lists" -I"C:\Users\mouno\Documents\MCUXpressoIDE_11.10.0_3148\workspace_os\LPC55S69_OS.src\CMSIS" -I"C:\Users\mouno\Documents\MCUXpressoIDE_11.10.0_3148\workspace_os\LPC55S69_OS.src\device" -I"C:\Users\mouno\Documents\MCUXpressoIDE_11.10.0_3148\workspace_os\LPC55S69_OS.src\board" -I"C:\Users\mouno\Documents\MCUXpressoIDE_11.10.0_3148\workspace_os\LPC55S69_OS.src\source" -I"C:\Users\mouno\Documents\MCUXpressoIDE_11.10.0_3148\workspace_os\LPC55S69_OS.src\drivers" -I"C:\Users\mouno\Documents\MCUXpressoIDE_11.10.0_3148\workspace_os\LPC55S69_OS.src\LPC55S69\drivers" -I"C:\Users\mouno\Documents\MCUXpressoIDE_11.10.0_3148\workspace_os\LPC55S69_OS.src\utilities" -I"C:\Users\mouno\Documents\MCUXpressoIDE_11.10.0_3148\workspace_os\LPC55S69_OS.src\component\uart" -I"C:\Users\mouno\Documents\MCUXpressoIDE_11.10.0_3148\workspace_os\LPC55S69_OS.src\component\serial_manager" -I"C:\Users\mouno\Documents\MCUXpressoIDE_11.10.0_3148\workspace_os\LPC55S69_OS.src\component\lists" -I"C:\Users\mouno\Documents\MCUXpressoIDE_11.10.0_3148\workspace_os\LPC55S69_OS.src\startup" -I"C:\Users\mouno\Documents\MCUXpressoIDE_11.10.0_3148\workspace_os\LPC55S69_OS.src\CMSIS" -I"C:\Users\mouno\Documents\MCUXpressoIDE_11.10.0_3148\workspace_os\LPC55S69_OS.src\device" -O0 -fno-common -g3 -gdwarf-4 -Wall -c -ffunction-sections -fdata-sections -ffreestanding -fno-builtin -fmerge-constants -fmacro-prefix-map="../device/"= -mcpu=cortex-m33 -mfpu=fpv5-sp-d16 -mfloat-abi=hard -mthumb -D__NEWLIB__ -fstack-usage -specs=nano.specs -MMD -MP -MF"device/target.d" -MT"device/target.o" -MT"device/target.d" -o "device/target.o" "../device/target.c"
../source/main.c: In function 'tache_uart':
../source/main.c:482:24: warning: passing argument 2 of 'write' discards 'const' qualifier from pointer target type [-Wdiscarded-qualifiers]
  482 |         write(uart_fd, message, strlen(message));
      |                        ^~~~~~~
In file included from ../source/main.c:4:
../source/oslib.h:162:25: note: expected 'void *' but argument is of type 'const char *'
  162 | int write(int fd, void *buf, size_t len);
      |                   ~~~~~~^~~
../device/target.c: In function 'dev_read_ser':
../device/target.c:306:5: warning: implicit declaration of function 'USART_ReadBlocking' [-Wimplicit-function-declaration]
  306 |     USART_ReadBlocking(USART0, (uint8_t *)(buff + f->offset), len);
      |     ^~~~~~~~~~~~~~~~~~
../device/target.c: In function 'dev_write_ser':
../device/target.c:319:5: warning: implicit declaration of function 'USART_WriteBlocking' [-Wimplicit-function-declaration]
  319 |     USART_WriteBlocking(USART0, (uint8_t *)buf, len);
      |     ^~~~~~~~~~~~~~~~~~~
Finished building: ../source/main.c
 
Finished building: ../device/target.c
 
Building target: LPC55S69_OS.src.axf
Invoking: MCU Linker
arm-none-eabi-gcc -nostdlib -L"C:\Users\mouno\Documents\MCUXpressoIDE_11.10.0_3148\workspace_os\LPC55S69_OS.src\LPC55S69\mcuxpresso" -Xlinker -Map="LPC55S69_OS.src.map" -Xlinker --gc-sections -Xlinker -print-memory-usage -Xlinker --sort-section=alignment -Xlinker --cref -mcpu=cortex-m33 -mfpu=fpv5-sp-d16 -mfloat-abi=hard -mthumb -T LPC55S69_OS_src_Debug.ld -o "LPC55S69_OS.src.axf" ./utilities/fsl_debug_console.o ./utilities/fsl_str.o  ./startup/boot_multicore_slave.o ./startup/startup_lpc55s69_cm33_core0.o ./startup/svc.o  ./source/main.o ./source/oslib.o ./source/semihost_hardfault.o  ./kernel/kernel.o ./kernel/list.o  ./drivers/fsl_clock.o ./drivers/fsl_common.o ./drivers/fsl_flexcomm.o ./drivers/fsl_gpio.o ./drivers/fsl_i2c.o ./drivers/fsl_inputmux.o ./drivers/fsl_pint.o ./drivers/fsl_reset.o ./drivers/fsl_usart.o  ./device/system_LPC55S69_cm33_core0.o ./device/target.o ./device/termio.o ./device/vfs.o  ./component/uart/fsl_adapter_usart.o  ./component/serial_manager/fsl_component_serial_manager.o ./component/serial_manager/fsl_component_serial_port_uart.o  ./component/lists/fsl_component_generic_list.o  ./board/board.o ./board/clock_config.o ./board/peripherals.o ./board/pin_mux.o  ./LPC55S69/drivers/fsl_power.o    -lpower_hardabi
Memory region         Used Size  Region Size  %age Used
   PROGRAM_FLASH:       19452 B       608 KB      3.12%
            SRAM:        9132 B       256 KB      3.48%
           SRAM4:          0 GB        16 KB      0.00%
           SRAMX:          0 GB        32 KB      0.00%
         USB_RAM:          0 GB        16 KB      0.00%
Finished building target: LPC55S69_OS.src.axf
 
Performing post-build steps
arm-none-eabi-size "LPC55S69_OS.src.axf"; # arm-none-eabi-objcopy -v -O binary "LPC55S69_OS.src.axf" "LPC55S69_OS.src.bin" ; # checksum -p LPC55S69 -d "LPC55S69_OS.src.bin";
   text	   data	    bss	    dec	    hex	filename
  19120	    332	   8800	  28252	   6e5c	LPC55S69_OS.src.axf
 
