C:\Users\mouno\Documents\MCUXpressoIDE_11.10.0_3148\workspace_os\LPC55S69_OS.src\CMSIS/core_cm33.h:2324:22:__NVIC_SetPriority	16	static
C:\Users\mouno\Documents\MCUXpressoIDE_11.10.0_3148\workspace_os\LPC55S69_OS.src\CMSIS/core_cm33.h:2773:26:SysTick_Config	16	static
../kernel/kernel.c:26:5:sys_add	16	static
../kernel/kernel.c:36:9:svc_dispatch	24	static
../kernel/kernel.c:80:6:sys_switch_ctx	4	static
../kernel/kernel.c:94:6:sys_tick_cb	24	static
../kernel/kernel.c:129:6:SysTick_Handler	8	static
../kernel/kernel.c:146:9:sys_os_start	16	static
../kernel/kernel.c:194:9:sys_task_new	24	static
../kernel/kernel.c:239:9:sys_task_kill	16	static
../kernel/kernel.c:257:9:sys_task_id	4	static
../kernel/kernel.c:268:9:sys_task_yield	4	static
../kernel/kernel.c:277:9:sys_task_wait	16	static
../kernel/kernel.c:301:13:sys_sem_new	24	static
../kernel/kernel.c:315:9:sys_sem_p	24	static
../kernel/kernel.c:339:9:sys_sem_v	24	static
